<!doctype html public "-//w3c//dtd html 4.0 transitional//en">
<html><head>
<title>Static Call Graph - [.\Objects\PoseLandmark.axf]</title></head>
<body><HR>
<H1>Static Call Graph for image .\Objects\PoseLandmark.axf</H1><HR>
<BR><P>#&#060CALLGRAPH&#062# ARM Linker, 6240002: Last Updated: Wed May 13 12:12:55 2026
<BR><P>
<H3>Maximum Stack Usage =       2448 bytes + Unknown(Cycles, Untraceable Function Pointers)</H3><H3>
Call chain for Maximum Stack Depth:</H3>
__rt_entry_main &rArr; main &rArr; BoardInit() &rArr; HyperRAM_Init &rArr; HyperRAM_TrimDLLDelayNumber &rArr; __2printf &rArr; _printf_char_file &rArr; _printf_char_common &rArr; __printf
<P>
<H3>
Mutually Recursive functions
</H3> <LI><a href="#[7d]">ACMP01_IRQHandler</a>&nbsp;&nbsp;&nbsp;&rArr;&nbsp;&nbsp;&nbsp;<a href="#[7d]">ACMP01_IRQHandler</a><BR>
 <LI><a href="#[370]">tflite::AllocationInfoBuilder::MarkSubgraphLifetimesIfNecessary(tflite::Operator const*, tflite::internal::ScratchBufferRequest*, tflite::ScratchBufferHandle*, tflite::SubgraphAllocations*)</a>&nbsp;&nbsp;&nbsp;&rArr;&nbsp;&nbsp;&nbsp;<a href="#[34c]">tflite::AllocationInfoBuilder::MarkAllocationLifetimes(int, tflite::internal::ScratchBufferRequest*, tflite::ScratchBufferHandle*, tflite::SubgraphAllocations*)</a><BR>
 <LI><a href="#[32f]">void tflite::reference_ops::transpose_internal::TransposeImpl&lang;signed char&rang;(int, int, int const*, signed char const*, int const*, signed char*, int const*, int const*)</a>&nbsp;&nbsp;&nbsp;&rArr;&nbsp;&nbsp;&nbsp;<a href="#[32f]">void tflite::reference_ops::transpose_internal::TransposeImpl&lang;signed char&rang;(int, int, int const*, signed char const*, int const*, signed char*, int const*, int const*)</a><BR>
 <LI><a href="#[32e]">void tflite::reference_ops::transpose_internal::TransposeImpl&lang;int&rang;(int, int, int const*, int const*, int const*, int*, int const*, int const*)</a>&nbsp;&nbsp;&nbsp;&rArr;&nbsp;&nbsp;&nbsp;<a href="#[32e]">void tflite::reference_ops::transpose_internal::TransposeImpl&lang;int&rang;(int, int, int const*, int const*, int const*, int*, int const*, int const*)</a><BR>
 <LI><a href="#[26b]">std::__2::__forward_list_node&lang;arm::app::yolov8n_pose::Detection, void*&rang;* std::__2::forward_list&lang;arm::app::yolov8n_pose::Detection, std::__2::allocator&lang;arm::app::yolov8n_pose::Detection&rang;&rang;::__sort&lang;CalculateNMS(std::__2::forward_list&lang;arm::app::yolov8n_pose::Detection, std::__2::allocator&lang;arm::app::yolov8n_pose::Detection&rang;&rang;&, int, float)::$_0&rang;(std::__2::__forward_list_node&lang;arm::app::yolov8n_pose::Detection, void*&rang;*, int, CalculateNMS(std::__2::forward_list&lang;arm::app::yolov8n_pose::Detection, std::__2::allocator&lang;arm::app::yolov8n_pose::Detection&rang;&rang;&, int, float)::$_0&)</a>&nbsp;&nbsp;&nbsp;&rArr;&nbsp;&nbsp;&nbsp;<a href="#[26b]">std::__2::__forward_list_node&lang;arm::app::yolov8n_pose::Detection, void*&rang;* std::__2::forward_list&lang;arm::app::yolov8n_pose::Detection, std::__2::allocator&lang;arm::app::yolov8n_pose::Detection&rang;&rang;::__sort&lang;CalculateNMS(std::__2::forward_list&lang;arm::app::yolov8n_pose::Detection, std::__2::allocator&lang;arm::app::yolov8n_pose::Detection&rang;&rang;&, int, float)::$_0&rang;(std::__2::__forward_list_node&lang;arm::app::yolov8n_pose::Detection, void*&rang;*, int, CalculateNMS(std::__2::forward_list&lang;arm::app::yolov8n_pose::Detection, std::__2::allocator&lang;arm::app::yolov8n_pose::Detection&rang;&rang;&, int, float)::$_0&)</a><BR>
</UL>
<P>
<H3>
Function Pointers
</H3><UL>
 <LI><a href="#[7d]">ACMP01_IRQHandler</a> from startup_m55m1.o(.text.Default_Handler) referenced from startup_m55m1.o(RESET)
 <LI><a href="#[7e]">ACMP23_IRQHandler</a> from startup_m55m1.o(.text.Default_Handler) referenced from startup_m55m1.o(RESET)
 <LI><a href="#[8e]">AWF_IRQHandler</a> from startup_m55m1.o(.text.Default_Handler) referenced from startup_m55m1.o(RESET)
 <LI><a href="#[12]">BODOUT_IRQHandler</a> from startup_m55m1.o(.text.Default_Handler) referenced from startup_m55m1.o(RESET)
 <LI><a href="#[37]">BPWM0_IRQHandler</a> from startup_m55m1.o(.text.Default_Handler) referenced from startup_m55m1.o(RESET)
 <LI><a href="#[38]">BPWM1_IRQHandler</a> from startup_m55m1.o(.text.Default_Handler) referenced from startup_m55m1.o(RESET)
 <LI><a href="#[2f]">BRAKE0_IRQHandler</a> from startup_m55m1.o(.text.Default_Handler) referenced from startup_m55m1.o(RESET)
 <LI><a href="#[33]">BRAKE1_IRQHandler</a> from startup_m55m1.o(.text.Default_Handler) referenced from startup_m55m1.o(RESET)
 <LI><a href="#[b]">BusFault_Handler</a> from startup_m55m1.o(.text.Default_Handler) referenced from startup_m55m1.o(RESET)
 <LI><a href="#[79]">CANFD00_IRQHandler</a> from startup_m55m1.o(.text.Default_Handler) referenced from startup_m55m1.o(RESET)
 <LI><a href="#[7a]">CANFD01_IRQHandler</a> from startup_m55m1.o(.text.Default_Handler) referenced from startup_m55m1.o(RESET)
 <LI><a href="#[7b]">CANFD10_IRQHandler</a> from startup_m55m1.o(.text.Default_Handler) referenced from startup_m55m1.o(RESET)
 <LI><a href="#[7c]">CANFD11_IRQHandler</a> from startup_m55m1.o(.text.Default_Handler) referenced from startup_m55m1.o(RESET)
 <LI><a href="#[77]">CCAP_IRQHandler</a> from imagesensor.o(.text.CCAP_IRQHandler) referenced from startup_m55m1.o(RESET)
 <LI><a href="#[16]">CKFAIL_IRQHandler</a> from startup_m55m1.o(.text.Default_Handler) referenced from startup_m55m1.o(RESET)
 <LI><a href="#[7f]">CRC_IRQHandler</a> from startup_m55m1.o(.text.Default_Handler) referenced from startup_m55m1.o(RESET)
 <LI><a href="#[78]">CRYPTO_IRQHandler</a> from startup_m55m1.o(.text.Default_Handler) referenced from startup_m55m1.o(RESET)
 <LI><a href="#[85]">DAC01_IRQHandler</a> from startup_m55m1.o(.text.Default_Handler) referenced from startup_m55m1.o(RESET)
 <LI><a href="#[6e]">DMIC0VAD_IRQHandler</a> from startup_m55m1.o(.text.Default_Handler) referenced from startup_m55m1.o(RESET)
 <LI><a href="#[6d]">DMIC0_IRQHandler</a> from startup_m55m1.o(.text.Default_Handler) referenced from startup_m55m1.o(RESET)
 <LI><a href="#[f]">DebugMon_Handler</a> from startup_m55m1.o(.text.Default_Handler) referenced from startup_m55m1.o(RESET)
 <LI><a href="#[9b]">Delay</a> from sensor_hm1055.o(.text.Delay) referenced 2 times from sensor_hm1055.o(.text.InitHM1055_VGA_YUV422)
 <LI><a href="#[80]">EADC00_IRQHandler</a> from startup_m55m1.o(.text.Default_Handler) referenced from startup_m55m1.o(RESET)
 <LI><a href="#[81]">EADC01_IRQHandler</a> from startup_m55m1.o(.text.Default_Handler) referenced from startup_m55m1.o(RESET)
 <LI><a href="#[82]">EADC02_IRQHandler</a> from startup_m55m1.o(.text.Default_Handler) referenced from startup_m55m1.o(RESET)
 <LI><a href="#[83]">EADC03_IRQHandler</a> from startup_m55m1.o(.text.Default_Handler) referenced from startup_m55m1.o(RESET)
 <LI><a href="#[8a]">ECAP0_IRQHandler</a> from startup_m55m1.o(.text.Default_Handler) referenced from startup_m55m1.o(RESET)
 <LI><a href="#[8b]">ECAP1_IRQHandler</a> from startup_m55m1.o(.text.Default_Handler) referenced from startup_m55m1.o(RESET)
 <LI><a href="#[8c]">ECAP2_IRQHandler</a> from startup_m55m1.o(.text.Default_Handler) referenced from startup_m55m1.o(RESET)
 <LI><a href="#[8d]">ECAP3_IRQHandler</a> from startup_m55m1.o(.text.Default_Handler) referenced from startup_m55m1.o(RESET)
 <LI><a href="#[1f]">EINT0_IRQHandler</a> from startup_m55m1.o(.text.Default_Handler) referenced from startup_m55m1.o(RESET)
 <LI><a href="#[20]">EINT1_IRQHandler</a> from startup_m55m1.o(.text.Default_Handler) referenced from startup_m55m1.o(RESET)
 <LI><a href="#[21]">EINT2_IRQHandler</a> from startup_m55m1.o(.text.Default_Handler) referenced from startup_m55m1.o(RESET)
 <LI><a href="#[22]">EINT3_IRQHandler</a> from startup_m55m1.o(.text.Default_Handler) referenced from startup_m55m1.o(RESET)
 <LI><a href="#[23]">EINT4_IRQHandler</a> from startup_m55m1.o(.text.Default_Handler) referenced from startup_m55m1.o(RESET)
 <LI><a href="#[24]">EINT5_IRQHandler</a> from startup_m55m1.o(.text.Default_Handler) referenced from startup_m55m1.o(RESET)
 <LI><a href="#[60]">EINT6_IRQHandler</a> from startup_m55m1.o(.text.Default_Handler) referenced from startup_m55m1.o(RESET)
 <LI><a href="#[61]">EINT7_IRQHandler</a> from startup_m55m1.o(.text.Default_Handler) referenced from startup_m55m1.o(RESET)
 <LI><a href="#[4d]">EMAC0_IRQHandler</a> from startup_m55m1.o(.text.Default_Handler) referenced from startup_m55m1.o(RESET)
 <LI><a href="#[30]">EPWM0P0_IRQHandler</a> from startup_m55m1.o(.text.Default_Handler) referenced from startup_m55m1.o(RESET)
 <LI><a href="#[31]">EPWM0P1_IRQHandler</a> from startup_m55m1.o(.text.Default_Handler) referenced from startup_m55m1.o(RESET)
 <LI><a href="#[32]">EPWM0P2_IRQHandler</a> from startup_m55m1.o(.text.Default_Handler) referenced from startup_m55m1.o(RESET)
 <LI><a href="#[34]">EPWM1P0_IRQHandler</a> from startup_m55m1.o(.text.Default_Handler) referenced from startup_m55m1.o(RESET)
 <LI><a href="#[35]">EPWM1P1_IRQHandler</a> from startup_m55m1.o(.text.Default_Handler) referenced from startup_m55m1.o(RESET)
 <LI><a href="#[36]">EPWM1P2_IRQHandler</a> from startup_m55m1.o(.text.Default_Handler) referenced from startup_m55m1.o(RESET)
 <LI><a href="#[86]">EQEI0_IRQHandler</a> from startup_m55m1.o(.text.Default_Handler) referenced from startup_m55m1.o(RESET)
 <LI><a href="#[87]">EQEI1_IRQHandler</a> from startup_m55m1.o(.text.Default_Handler) referenced from startup_m55m1.o(RESET)
 <LI><a href="#[88]">EQEI2_IRQHandler</a> from startup_m55m1.o(.text.Default_Handler) referenced from startup_m55m1.o(RESET)
 <LI><a href="#[89]">EQEI3_IRQHandler</a> from startup_m55m1.o(.text.Default_Handler) referenced from startup_m55m1.o(RESET)
 <LI><a href="#[90]">GDMACH0_IRQHandler</a> from startup_m55m1.o(.text.Default_Handler) referenced from startup_m55m1.o(RESET)
 <LI><a href="#[91]">GDMACH1_IRQHandler</a> from startup_m55m1.o(.text.Default_Handler) referenced from startup_m55m1.o(RESET)
 <LI><a href="#[25]">GPA_IRQHandler</a> from startup_m55m1.o(.text.Default_Handler) referenced from startup_m55m1.o(RESET)
 <LI><a href="#[26]">GPB_IRQHandler</a> from startup_m55m1.o(.text.Default_Handler) referenced from startup_m55m1.o(RESET)
 <LI><a href="#[27]">GPC_IRQHandler</a> from startup_m55m1.o(.text.Default_Handler) referenced from startup_m55m1.o(RESET)
 <LI><a href="#[28]">GPD_IRQHandler</a> from startup_m55m1.o(.text.Default_Handler) referenced from startup_m55m1.o(RESET)
 <LI><a href="#[29]">GPE_IRQHandler</a> from startup_m55m1.o(.text.Default_Handler) referenced from startup_m55m1.o(RESET)
 <LI><a href="#[2a]">GPF_IRQHandler</a> from startup_m55m1.o(.text.Default_Handler) referenced from startup_m55m1.o(RESET)
 <LI><a href="#[2b]">GPG_IRQHandler</a> from startup_m55m1.o(.text.Default_Handler) referenced from startup_m55m1.o(RESET)
 <LI><a href="#[2c]">GPH_IRQHandler</a> from startup_m55m1.o(.text.Default_Handler) referenced from startup_m55m1.o(RESET)
 <LI><a href="#[2d]">GPI_IRQHandler</a> from startup_m55m1.o(.text.Default_Handler) referenced from startup_m55m1.o(RESET)
 <LI><a href="#[2e]">GPJ_IRQHandler</a> from startup_m55m1.o(.text.Default_Handler) referenced from startup_m55m1.o(RESET)
 <LI><a href="#[4c]">HSOTG_IRQHandler</a> from startup_m55m1.o(.text.Default_Handler) referenced from startup_m55m1.o(RESET)
 <LI><a href="#[4b]">HSUSBD_IRQHandler</a> from uvc.o(.text.HSUSBD_IRQHandler) referenced from startup_m55m1.o(RESET)
 <LI><a href="#[4a]">HSUSBH_IRQHandler</a> from startup_m55m1.o(.text.Default_Handler) referenced from startup_m55m1.o(RESET)
 <LI><a href="#[9]">HardFault_Handler</a> from startup_m55m1.o(.text.HardFault_Handler) referenced from startup_m55m1.o(RESET)
 <LI><a href="#[63]">I2C0_IRQHandler</a> from startup_m55m1.o(.text.Default_Handler) referenced from startup_m55m1.o(RESET)
 <LI><a href="#[64]">I2C1_IRQHandler</a> from startup_m55m1.o(.text.Default_Handler) referenced from startup_m55m1.o(RESET)
 <LI><a href="#[65]">I2C2_IRQHandler</a> from startup_m55m1.o(.text.Default_Handler) referenced from startup_m55m1.o(RESET)
 <LI><a href="#[66]">I2C3_IRQHandler</a> from startup_m55m1.o(.text.Default_Handler) referenced from startup_m55m1.o(RESET)
 <LI><a href="#[6f]">I2S0_IRQHandler</a> from startup_m55m1.o(.text.Default_Handler) referenced from startup_m55m1.o(RESET)
 <LI><a href="#[70]">I2S1_IRQHandler</a> from startup_m55m1.o(.text.Default_Handler) referenced from startup_m55m1.o(RESET)
 <LI><a href="#[72]">I3C0_IRQHandler</a> from startup_m55m1.o(.text.Default_Handler) referenced from startup_m55m1.o(RESET)
 <LI><a href="#[13]">IRC_IRQHandler</a> from startup_m55m1.o(.text.Default_Handler) referenced from startup_m55m1.o(RESET)
 <LI><a href="#[17]">ISP_IRQHandler</a> from startup_m55m1.o(.text.Default_Handler) referenced from startup_m55m1.o(RESET)
 <LI><a href="#[0]">InitHM1055_VGA_YUV422</a> from sensor_hm1055.o(.text.InitHM1055_VGA_YUV422) referenced 2 times from sensor_hm1055.o(.data.g_sSensorHM1055_VGA_YUV422)
 <LI><a href="#[74]">KPI_IRQHandler</a> from startup_m55m1.o(.text.Default_Handler) referenced from startup_m55m1.o(RESET)
 <LI><a href="#[3d]">KS_IRQHandler</a> from startup_m55m1.o(.text.Default_Handler) referenced from startup_m55m1.o(RESET)
 <LI><a href="#[84]">LPADC0_IRQHandler</a> from startup_m55m1.o(.text.Default_Handler) referenced from startup_m55m1.o(RESET)
 <LI><a href="#[67]">LPI2C0_IRQHandler</a> from startup_m55m1.o(.text.Default_Handler) referenced from startup_m55m1.o(RESET)
 <LI><a href="#[3b]">LPPDMA_IRQHandler</a> from startup_m55m1.o(.text.Default_Handler) referenced from startup_m55m1.o(RESET)
 <LI><a href="#[54]">LPSPI0_IRQHandler</a> from startup_m55m1.o(.text.Default_Handler) referenced from startup_m55m1.o(RESET)
 <LI><a href="#[42]">LPTMR0_IRQHandler</a> from startup_m55m1.o(.text.Default_Handler) referenced from startup_m55m1.o(RESET)
 <LI><a href="#[43]">LPTMR1_IRQHandler</a> from startup_m55m1.o(.text.Default_Handler) referenced from startup_m55m1.o(RESET)
 <LI><a href="#[62]">LPUART0_IRQHandler</a> from startup_m55m1.o(.text.Default_Handler) referenced from startup_m55m1.o(RESET)
 <LI><a href="#[a]">MemManage_Handler</a> from startup_m55m1.o(.text.Default_Handler) referenced from startup_m55m1.o(RESET)
 <LI><a href="#[8]">NMI_Handler</a> from startup_m55m1.o(.text.Default_Handler) referenced from startup_m55m1.o(RESET)
 <LI><a href="#[1e]">NPU_IRQHandler</a> from ethosu_npu_init.o(.text.NPU_IRQHandler) referenced from startup_m55m1.o(RESET)
 <LI><a href="#[73]">OTFC0_IRQHandler</a> from startup_m55m1.o(.text.Default_Handler) referenced from startup_m55m1.o(RESET)
 <LI><a href="#[39]">PDMA0_IRQHandler</a> from drv_pdma.o(.text.PDMA0_IRQHandler) referenced from startup_m55m1.o(RESET)
 <LI><a href="#[3a]">PDMA1_IRQHandler</a> from drv_pdma.o(.text.PDMA1_IRQHandler) referenced from startup_m55m1.o(RESET)
 <LI><a href="#[14]">PMC_IRQHandler</a> from startup_m55m1.o(.text.Default_Handler) referenced from startup_m55m1.o(RESET)
 <LI><a href="#[6c]">PSIO_IRQHandler</a> from startup_m55m1.o(.text.Default_Handler) referenced from startup_m55m1.o(RESET)
 <LI><a href="#[10]">PendSV_Handler</a> from startup_m55m1.o(.text.Default_Handler) referenced from startup_m55m1.o(RESET)
 <LI><a href="#[4e]">QSPI0_IRQHandler</a> from startup_m55m1.o(.text.Default_Handler) referenced from startup_m55m1.o(RESET)
 <LI><a href="#[4f]">QSPI1_IRQHandler</a> from startup_m55m1.o(.text.Default_Handler) referenced from startup_m55m1.o(RESET)
 <LI><a href="#[19]">RTCTAMPER_IRQHandler</a> from startup_m55m1.o(.text.Default_Handler) referenced from startup_m55m1.o(RESET)
 <LI><a href="#[18]">RTC_IRQHandler</a> from startup_m55m1.o(.text.Default_Handler) referenced from startup_m55m1.o(RESET)
 <LI><a href="#[7]">Reset_Handler</a> from startup_m55m1.o(.text.Reset_Handler) referenced from startup_m55m1.o(RESET)
 <LI><a href="#[69]">SC0_IRQHandler</a> from startup_m55m1.o(.text.Default_Handler) referenced from startup_m55m1.o(RESET)
 <LI><a href="#[6a]">SC1_IRQHandler</a> from startup_m55m1.o(.text.Default_Handler) referenced from startup_m55m1.o(RESET)
 <LI><a href="#[6b]">SC2_IRQHandler</a> from startup_m55m1.o(.text.Default_Handler) referenced from startup_m55m1.o(RESET)
 <LI><a href="#[3c]">SCU_IRQHandler</a> from startup_m55m1.o(.text.Default_Handler) referenced from startup_m55m1.o(RESET)
 <LI><a href="#[75]">SDH0_IRQHandler</a> from sdglue.o(.text.SDH0_IRQHandler) referenced from startup_m55m1.o(RESET)
 <LI><a href="#[76]">SDH1_IRQHandler</a> from startup_m55m1.o(.text.Default_Handler) referenced from startup_m55m1.o(RESET)
 <LI><a href="#[50]">SPI0_IRQHandler</a> from startup_m55m1.o(.text.Default_Handler) referenced from startup_m55m1.o(RESET)
 <LI><a href="#[51]">SPI1_IRQHandler</a> from startup_m55m1.o(.text.Default_Handler) referenced from startup_m55m1.o(RESET)
 <LI><a href="#[52]">SPI2_IRQHandler</a> from startup_m55m1.o(.text.Default_Handler) referenced from startup_m55m1.o(RESET)
 <LI><a href="#[53]">SPI3_IRQHandler</a> from startup_m55m1.o(.text.Default_Handler) referenced from startup_m55m1.o(RESET)
 <LI><a href="#[55]">SPIM0_IRQHandler</a> from startup_m55m1.o(.text.Default_Handler) referenced from startup_m55m1.o(RESET)
 <LI><a href="#[15]">SRAMPERR_IRQHandler</a> from startup_m55m1.o(.text.Default_Handler) referenced from startup_m55m1.o(RESET)
 <LI><a href="#[e]">SVC_Handler</a> from startup_m55m1.o(.text.Default_Handler) referenced from startup_m55m1.o(RESET)
 <LI><a href="#[d]">SecureFault_Handler</a> from startup_m55m1.o(.text.Default_Handler) referenced from startup_m55m1.o(RESET)
 <LI><a href="#[11]">SysTick_Handler</a> from pmu_counter.o(.text.SysTick_Handler) referenced from startup_m55m1.o(RESET)
 <LI><a href="#[c3]">SystemInit</a> from system_m55m1.o(.text.SystemInit) referenced from system_m55m1.o(.init_array)
 <LI><a href="#[3e]">TIMER0_IRQHandler</a> from startup_m55m1.o(.text.Default_Handler) referenced from startup_m55m1.o(RESET)
 <LI><a href="#[3f]">TIMER1_IRQHandler</a> from startup_m55m1.o(.text.Default_Handler) referenced from startup_m55m1.o(RESET)
 <LI><a href="#[40]">TIMER2_IRQHandler</a> from startup_m55m1.o(.text.Default_Handler) referenced from startup_m55m1.o(RESET)
 <LI><a href="#[41]">TIMER3_IRQHandler</a> from startup_m55m1.o(.text.Default_Handler) referenced from startup_m55m1.o(RESET)
 <LI><a href="#[71]">TRNG_IRQHandler</a> from startup_m55m1.o(.text.Default_Handler) referenced from startup_m55m1.o(RESET)
 <LI><a href="#[44]">TTMR0_IRQHandler</a> from startup_m55m1.o(.text.Default_Handler) referenced from startup_m55m1.o(RESET)
 <LI><a href="#[45]">TTMR1_IRQHandler</a> from startup_m55m1.o(.text.Default_Handler) referenced from startup_m55m1.o(RESET)
 <LI><a href="#[56]">UART0_IRQHandler</a> from startup_m55m1.o(.text.Default_Handler) referenced from startup_m55m1.o(RESET)
 <LI><a href="#[57]">UART1_IRQHandler</a> from main.o(.text.UART1_IRQHandler) referenced from startup_m55m1.o(RESET)
 <LI><a href="#[58]">UART2_IRQHandler</a> from startup_m55m1.o(.text.Default_Handler) referenced from startup_m55m1.o(RESET)
 <LI><a href="#[59]">UART3_IRQHandler</a> from startup_m55m1.o(.text.Default_Handler) referenced from startup_m55m1.o(RESET)
 <LI><a href="#[5a]">UART4_IRQHandler</a> from startup_m55m1.o(.text.Default_Handler) referenced from startup_m55m1.o(RESET)
 <LI><a href="#[5b]">UART5_IRQHandler</a> from startup_m55m1.o(.text.Default_Handler) referenced from startup_m55m1.o(RESET)
 <LI><a href="#[5c]">UART6_IRQHandler</a> from startup_m55m1.o(.text.Default_Handler) referenced from startup_m55m1.o(RESET)
 <LI><a href="#[5d]">UART7_IRQHandler</a> from startup_m55m1.o(.text.Default_Handler) referenced from startup_m55m1.o(RESET)
 <LI><a href="#[5e]">UART8_IRQHandler</a> from startup_m55m1.o(.text.Default_Handler) referenced from startup_m55m1.o(RESET)
 <LI><a href="#[5f]">UART9_IRQHandler</a> from startup_m55m1.o(.text.Default_Handler) referenced from startup_m55m1.o(RESET)
 <LI><a href="#[48]">USBD_IRQHandler</a> from startup_m55m1.o(.text.Default_Handler) referenced from startup_m55m1.o(RESET)
 <LI><a href="#[46]">USBH0_IRQHandler</a> from startup_m55m1.o(.text.Default_Handler) referenced from startup_m55m1.o(RESET)
 <LI><a href="#[47]">USBH1_IRQHandler</a> from startup_m55m1.o(.text.Default_Handler) referenced from startup_m55m1.o(RESET)
 <LI><a href="#[49]">USBOTG_IRQHandler</a> from startup_m55m1.o(.text.Default_Handler) referenced from startup_m55m1.o(RESET)
 <LI><a href="#[68]">USCI0_IRQHandler</a> from startup_m55m1.o(.text.Default_Handler) referenced from startup_m55m1.o(RESET)
 <LI><a href="#[8f]">UTCPD_IRQHandler</a> from startup_m55m1.o(.text.Default_Handler) referenced from startup_m55m1.o(RESET)
 <LI><a href="#[9c]">UVC_ClassRequest</a> from uvc.o(.text.UVC_ClassRequest) referenced 2 times from uvc.o(.text.UVC_Init)
 <LI><a href="#[9d]">UVC_SetInterface</a> from uvc.o(.text.UVC_SetInterface) referenced 2 times from uvc.o(.text.UVC_Init)
 <LI><a href="#[c]">UsageFault_Handler</a> from startup_m55m1.o(.text.Default_Handler) referenced from startup_m55m1.o(RESET)
 <LI><a href="#[1a]">WDT0_IRQHandler</a> from startup_m55m1.o(.text.Default_Handler) referenced from startup_m55m1.o(RESET)
 <LI><a href="#[1c]">WDT1_IRQHandler</a> from startup_m55m1.o(.text.Default_Handler) referenced from startup_m55m1.o(RESET)
 <LI><a href="#[1b]">WWDT0_IRQHandler</a> from startup_m55m1.o(.text.Default_Handler) referenced from startup_m55m1.o(RESET)
 <LI><a href="#[1d]">WWDT1_IRQHandler</a> from startup_m55m1.o(.text.Default_Handler) referenced from startup_m55m1.o(RESET)
 <LI><a href="#[c4]">_GLOBAL__sub_I_main.cpp</a> from main.o(.text._GLOBAL__sub_I_main.cpp) referenced from main.o(.init_array)
 <LI><a href="#[a9]">arm::app::ErrorClassModel::GetOpResolver()</a> from errorclassmodel.o(.text._ZN3arm3app15ErrorClassModel13GetOpResolverEv) referenced from errorclassmodel.o(.rodata._ZTVN3arm3app15ErrorClassModelE)
 <LI><a href="#[aa]">arm::app::ErrorClassModel::EnlistOperations()</a> from errorclassmodel.o(.text._ZN3arm3app15ErrorClassModel16EnlistOperationsEv) referenced from errorclassmodel.o(.rodata._ZTVN3arm3app15ErrorClassModelE)
 <LI><a href="#[a7]">arm::app::ErrorClassModel::~ErrorClassModel__deallocating()</a> from errorclassmodel.o(.text._ZN3arm3app15ErrorClassModelD0Ev) referenced from errorclassmodel.o(.rodata._ZTVN3arm3app15ErrorClassModelE)
 <LI><a href="#[a6]">arm::app::ErrorClassModel::~ErrorClassModel__sub_object()</a> from errorclassmodel.o(.text._ZN3arm3app15ErrorClassModelD2Ev) referenced from errorclassmodel.o(.rodata._ZTVN3arm3app15ErrorClassModelE)
 <LI><a href="#[ad]">arm::app::RepCounterModel::GetOpResolver()</a> from repcountermodel.o(.text._ZN3arm3app15RepCounterModel13GetOpResolverEv) referenced from repcountermodel.o(.rodata._ZTVN3arm3app15RepCounterModelE)
 <LI><a href="#[ae]">arm::app::RepCounterModel::EnlistOperations()</a> from repcountermodel.o(.text._ZN3arm3app15RepCounterModel16EnlistOperationsEv) referenced from repcountermodel.o(.rodata._ZTVN3arm3app15RepCounterModelE)
 <LI><a href="#[ac]">arm::app::RepCounterModel::~RepCounterModel__deallocating()</a> from repcountermodel.o(.text._ZN3arm3app15RepCounterModelD0Ev) referenced from repcountermodel.o(.rodata._ZTVN3arm3app15RepCounterModelE)
 <LI><a href="#[ab]">arm::app::RepCounterModel::~RepCounterModel__sub_object()</a> from repcountermodel.o(.text._ZN3arm3app15RepCounterModelD2Ev) referenced from repcountermodel.o(.rodata._ZTVN3arm3app15RepCounterModelE)
 <LI><a href="#[b1]">arm::app::YOLOv8nPoseModel::GetOpResolver()</a> from yolov8nposemodel.o(.text._ZN3arm3app16YOLOv8nPoseModel13GetOpResolverEv) referenced from yolov8nposemodel.o(.rodata._ZTVN3arm3app16YOLOv8nPoseModelE)
 <LI><a href="#[b2]">arm::app::YOLOv8nPoseModel::EnlistOperations()</a> from yolov8nposemodel.o(.text._ZN3arm3app16YOLOv8nPoseModel16EnlistOperationsEv) referenced from yolov8nposemodel.o(.rodata._ZTVN3arm3app16YOLOv8nPoseModelE)
 <LI><a href="#[b0]">arm::app::YOLOv8nPoseModel::~YOLOv8nPoseModel__deallocating()</a> from yolov8nposemodel.o(.text._ZN3arm3app16YOLOv8nPoseModelD0Ev) referenced from yolov8nposemodel.o(.rodata._ZTVN3arm3app16YOLOv8nPoseModelE)
 <LI><a href="#[af]">arm::app::YOLOv8nPoseModel::~YOLOv8nPoseModel__sub_object()</a> from yolov8nposemodel.o(.text._ZN3arm3app16YOLOv8nPoseModelD2Ev) referenced from yolov8nposemodel.o(.rodata._ZTVN3arm3app16YOLOv8nPoseModelE)
 <LI><a href="#[a8]">arm::app::Model::RunInference()</a> from model.o(.text._ZN3arm3app5Model12RunInferenceEv) referenced from errorclassmodel.o(.rodata._ZTVN3arm3app15ErrorClassModelE)
 <LI><a href="#[a8]">arm::app::Model::RunInference()</a> from model.o(.text._ZN3arm3app5Model12RunInferenceEv) referenced from repcountermodel.o(.rodata._ZTVN3arm3app15RepCounterModelE)
 <LI><a href="#[a8]">arm::app::Model::RunInference()</a> from model.o(.text._ZN3arm3app5Model12RunInferenceEv) referenced from yolov8nposemodel.o(.rodata._ZTVN3arm3app16YOLOv8nPoseModelE)
 <LI><a href="#[a8]">arm::app::Model::RunInference()</a> from model.o(.text._ZN3arm3app5Model12RunInferenceEv) referenced from model.o(.rodata._ZTVN3arm3app5ModelE)
 <LI><a href="#[b4]">arm::app::Model::~Model__deallocating()</a> from model.o(.text._ZN3arm3app5ModelD0Ev) referenced from model.o(.rodata._ZTVN3arm3app5ModelE)
 <LI><a href="#[b3]">arm::app::Model::~Model__sub_object()</a> from model.o(.text._ZN3arm3app5ModelD2Ev) referenced from model.o(.rodata._ZTVN3arm3app5ModelE)
 <LI><a href="#[a4]">tflite::ParseRelu6(tflite::Operator const*, tflite::ErrorReporter*, tflite::BuiltinDataAllocator*, void**)</a> from flatbuffer_conversions.o(.text._ZN6tflite10ParseRelu6EPKNS_8OperatorEPNS_13ErrorReporterEPNS_20BuiltinDataAllocatorEPPv) referenced 2 times from errorclassmodel.o(.text._ZN6tflite22MicroMutableOpResolverILj7EE8AddRelu6Ev)
 <LI><a href="#[c6]">tflite::ReluPrepare(TfLiteContext*, TfLiteNode*)</a> from activations_common.o(.text._ZN6tflite11ReluPrepareEP13TfLiteContextP10TfLiteNode) referenced 2 times from activations.o(.text._ZN6tflite13Register_RELUEv)
 <LI><a href="#[a0]">tflite::ParseReshape(tflite::Operator const*, tflite::ErrorReporter*, tflite::BuiltinDataAllocator*, void**)</a> from flatbuffer_conversions.o(.text._ZN6tflite12ParseReshapeEPKNS_8OperatorEPNS_13ErrorReporterEPNS_20BuiltinDataAllocatorEPPv) referenced 2 times from exerciseclassifiermodel.o(.text._ZN6tflite22MicroMutableOpResolverILj6EE10AddReshapeEv)
 <LI><a href="#[a0]">tflite::ParseReshape(tflite::Operator const*, tflite::ErrorReporter*, tflite::BuiltinDataAllocator*, void**)</a> from flatbuffer_conversions.o(.text._ZN6tflite12ParseReshapeEPKNS_8OperatorEPNS_13ErrorReporterEPNS_20BuiltinDataAllocatorEPPv) referenced 2 times from errorclassmodel.o(.text._ZN6tflite22MicroMutableOpResolverILj7EE10AddReshapeEv)
 <LI><a href="#[a1]">tflite::ParseSoftmax(tflite::Operator const*, tflite::ErrorReporter*, tflite::BuiltinDataAllocator*, void**)</a> from flatbuffer_conversions.o(.text._ZN6tflite12ParseSoftmaxEPKNS_8OperatorEPNS_13ErrorReporterEPNS_20BuiltinDataAllocatorEPPv) referenced 2 times from exerciseclassifiermodel.o(.text._ZN6tflite22MicroMutableOpResolverILj6EE10AddSoftmaxERK16TFLMRegistration)
 <LI><a href="#[a1]">tflite::ParseSoftmax(tflite::Operator const*, tflite::ErrorReporter*, tflite::BuiltinDataAllocator*, void**)</a> from flatbuffer_conversions.o(.text._ZN6tflite12ParseSoftmaxEPKNS_8OperatorEPNS_13ErrorReporterEPNS_20BuiltinDataAllocatorEPPv) referenced 2 times from errorclassmodel.o(.text._ZN6tflite22MicroMutableOpResolverILj7EE10AddSoftmaxERK16TFLMRegistration)
 <LI><a href="#[cd]">tflite::Relu6Prepare(TfLiteContext*, TfLiteNode*)</a> from activations_common.o(.text._ZN6tflite12Relu6PrepareEP13TfLiteContextP10TfLiteNode) referenced 2 times from activations.o(.text._ZN6tflite14Register_RELU6Ev)
 <LI><a href="#[dd]">tflite::(anonymous namespace)::SoftmaxEval(TfLiteContext*, TfLiteNode*)</a> from softmax.o(.text._ZN6tflite12_GLOBAL__N_111SoftmaxEvalEP13TfLiteContextP10TfLiteNode) referenced 2 times from softmax.o(.text._ZN6tflite16Register_SOFTMAXEv)
 <LI><a href="#[df]">tflite::(anonymous namespace)::TransposeEval(TfLiteContext*, TfLiteNode*)</a> from transpose.o(.text._ZN6tflite12_GLOBAL__N_113TransposeEvalEP13TfLiteContextP10TfLiteNode) referenced 2 times from transpose.o(.text._ZN6tflite18Register_TRANSPOSEEv)
 <LI><a href="#[de]">tflite::(anonymous namespace)::TransposePrepare(TfLiteContext*, TfLiteNode*)</a> from transpose.o(.text._ZN6tflite12_GLOBAL__N_116TransposePrepareEP13TfLiteContextP10TfLiteNode) referenced 2 times from transpose.o(.text._ZN6tflite18Register_TRANSPOSEEv)
 <LI><a href="#[da]">tflite::(anonymous namespace)::EvalReshapeReference(TfLiteContext*, TfLiteNode*)</a> from reshape.o(.text._ZN6tflite12_GLOBAL__N_120EvalReshapeReferenceEP13TfLiteContextP10TfLiteNode) referenced 2 times from reshape.o(.text._ZN6tflite16Register_RESHAPEEv)
 <LI><a href="#[c9]">tflite::(anonymous namespace)::MicroBuiltinDataAllocator::Deallocate(void*)</a> from micro_allocator.o(.text._ZN6tflite12_GLOBAL__N_125MicroBuiltinDataAllocator10DeallocateEPv) referenced from micro_allocator.o(.text._ZN6tflite14MicroAllocator20StartModelAllocationEPKNS_5ModelE)
 <LI><a href="#[c8]">tflite::(anonymous namespace)::MicroBuiltinDataAllocator::Allocate(unsigned int, unsigned int)</a> from micro_allocator.o(.text._ZN6tflite12_GLOBAL__N_125MicroBuiltinDataAllocator8AllocateEjj) referenced from micro_allocator.o(.text._ZN6tflite14MicroAllocator20StartModelAllocationEPKNS_5ModelE)
 <LI><a href="#[cb]">tflite::(anonymous namespace)::MicroBuiltinDataAllocator::~MicroBuiltinDataAllocator__deallocating()</a> from micro_allocator.o(.text._ZN6tflite12_GLOBAL__N_125MicroBuiltinDataAllocatorD0Ev) referenced from micro_allocator.o(.text._ZN6tflite14MicroAllocator20StartModelAllocationEPKNS_5ModelE)
 <LI><a href="#[d1]">tflite::(anonymous namespace)::Eval(TfLiteContext*, TfLiteNode*)</a> from ethosu.o(.text._ZN6tflite12_GLOBAL__N_14EvalEP13TfLiteContextP10TfLiteNode) referenced 2 times from ethosu.o(.text._ZN6tflite15Register_ETHOSUEv)
 <LI><a href="#[e2]">tflite::(anonymous namespace)::Eval(TfLiteContext*, TfLiteNode*)</a> from fully_connected.o(.text._ZN6tflite12_GLOBAL__N_14EvalEP13TfLiteContextP10TfLiteNode) referenced 2 times from fully_connected.o(.text._ZN6tflite24Register_FULLY_CONNECTEDEv)
 <LI><a href="#[cf]">tflite::(anonymous namespace)::Init(TfLiteContext*, char const*, unsigned int)</a> from ethosu.o(.text._ZN6tflite12_GLOBAL__N_14InitEP13TfLiteContextPKcj) referenced 2 times from ethosu.o(.text._ZN6tflite15Register_ETHOSUEv)
 <LI><a href="#[db]">tflite::(anonymous namespace)::Init(TfLiteContext*, char const*, unsigned int)</a> from softmax.o(.text._ZN6tflite12_GLOBAL__N_14InitEP13TfLiteContextPKcj) referenced 2 times from softmax.o(.text._ZN6tflite16Register_SOFTMAXEv)
 <LI><a href="#[e0]">tflite::(anonymous namespace)::Init(TfLiteContext*, char const*, unsigned int)</a> from fully_connected.o(.text._ZN6tflite12_GLOBAL__N_14InitEP13TfLiteContextPKcj) referenced 2 times from fully_connected.o(.text._ZN6tflite24Register_FULLY_CONNECTEDEv)
 <LI><a href="#[d0]">tflite::(anonymous namespace)::Prepare(TfLiteContext*, TfLiteNode*)</a> from ethosu.o(.text._ZN6tflite12_GLOBAL__N_17PrepareEP13TfLiteContextP10TfLiteNode) referenced 2 times from ethosu.o(.text._ZN6tflite15Register_ETHOSUEv)
 <LI><a href="#[dc]">tflite::(anonymous namespace)::Prepare(TfLiteContext*, TfLiteNode*)</a> from softmax.o(.text._ZN6tflite12_GLOBAL__N_17PrepareEP13TfLiteContextP10TfLiteNode) referenced 2 times from softmax.o(.text._ZN6tflite16Register_SOFTMAXEv)
 <LI><a href="#[e1]">tflite::(anonymous namespace)::Prepare(TfLiteContext*, TfLiteNode*)</a> from fully_connected.o(.text._ZN6tflite12_GLOBAL__N_17PrepareEP13TfLiteContextP10TfLiteNode) referenced 2 times from fully_connected.o(.text._ZN6tflite24Register_FULLY_CONNECTEDEv)
 <LI><a href="#[c7]">tflite::(anonymous namespace)::ReluEval(TfLiteContext*, TfLiteNode*)</a> from activations.o(.text._ZN6tflite12_GLOBAL__N_18ReluEvalEP13TfLiteContextP10TfLiteNode) referenced 2 times from activations.o(.text._ZN6tflite13Register_RELUEv)
 <LI><a href="#[c5]">tflite::(anonymous namespace)::ReluInit(TfLiteContext*, char const*, unsigned int)</a> from activations.o(.text._ZN6tflite12_GLOBAL__N_18ReluInitEP13TfLiteContextPKcj) referenced 2 times from activations.o(.text._ZN6tflite13Register_RELUEv)
 <LI><a href="#[ce]">tflite::(anonymous namespace)::Relu6Eval(TfLiteContext*, TfLiteNode*)</a> from activations.o(.text._ZN6tflite12_GLOBAL__N_19Relu6EvalEP13TfLiteContextP10TfLiteNode) referenced 2 times from activations.o(.text._ZN6tflite14Register_RELU6Ev)
 <LI><a href="#[cc]">tflite::(anonymous namespace)::Relu6Init(TfLiteContext*, char const*, unsigned int)</a> from activations.o(.text._ZN6tflite12_GLOBAL__N_19Relu6InitEP13TfLiteContextPKcj) referenced 2 times from activations.o(.text._ZN6tflite14Register_RELU6Ev)
 <LI><a href="#[f4]">tflite::ErrorReporter::~ErrorReporter__sub_object()</a> from micro_error_reporter.o(.text._ZN6tflite13ErrorReporterD2Ev) referenced from micro_error_reporter.o(.rodata._ZTVN6tflite18MicroErrorReporterE)
 <LI><a href="#[ef]">tflite::MicroAllocator::AllocateVariables(tflite::SubGraph const*, TfLiteEvalTensor*, int const*)</a> from micro_allocator.o(.text._ZN6tflite14MicroAllocator17AllocateVariablesEPKNS_8SubGraphEP16TfLiteEvalTensorPKi) referenced from micro_allocator.o(.rodata._ZTVN6tflite14MicroAllocatorE)
 <LI><a href="#[e6]">tflite::MicroAllocator::AllocateTempBuffer(unsigned int, unsigned int)</a> from micro_allocator.o(.text._ZN6tflite14MicroAllocator18AllocateTempBufferEjj) referenced from micro_allocator.o(.rodata._ZTVN6tflite14MicroAllocatorE)
 <LI><a href="#[e7]">tflite::MicroAllocator::DeallocateTempBuffer(unsigned char*)</a> from micro_allocator.o(.text._ZN6tflite14MicroAllocator20DeallocateTempBufferEPh) referenced from micro_allocator.o(.rodata._ZTVN6tflite14MicroAllocatorE)
 <LI><a href="#[e9]">tflite::MicroAllocator::IsAllTempDeallocated()</a> from micro_allocator.o(.text._ZN6tflite14MicroAllocator20IsAllTempDeallocatedEv) referenced from micro_allocator.o(.rodata._ZTVN6tflite14MicroAllocatorE)
 <LI><a href="#[e8]">tflite::MicroAllocator::ResetTempAllocations()</a> from micro_allocator.o(.text._ZN6tflite14MicroAllocator20ResetTempAllocationsEv) referenced from micro_allocator.o(.rodata._ZTVN6tflite14MicroAllocatorE)
 <LI><a href="#[f2]">tflite::MicroAllocator::CommitStaticMemoryPlan(tflite::Model const*, tflite::SubgraphAllocations*, tflite::ScratchBufferHandle*)</a> from micro_allocator.o(.text._ZN6tflite14MicroAllocator22CommitStaticMemoryPlanEPKNS_5ModelEPNS_19SubgraphAllocationsEPNS_19ScratchBufferHandleE) referenced from micro_allocator.o(.rodata._ZTVN6tflite14MicroAllocatorE)
 <LI><a href="#[ea]">tflite::MicroAllocator::AllocatePersistentBuffer(unsigned int)</a> from micro_allocator.o(.text._ZN6tflite14MicroAllocator24AllocatePersistentBufferEj) referenced from micro_allocator.o(.rodata._ZTVN6tflite14MicroAllocatorE)
 <LI><a href="#[e4]">tflite::MicroAllocator::AllocateTempTfLiteTensor(tflite::Model const*, tflite::SubgraphAllocations const*, int, int)</a> from micro_allocator.o(.text._ZN6tflite14MicroAllocator24AllocateTempTfLiteTensorEPKNS_5ModelEPKNS_19SubgraphAllocationsEii) referenced from micro_allocator.o(.rodata._ZTVN6tflite14MicroAllocatorE)
 <LI><a href="#[ee]">tflite::MicroAllocator::AllocateTfLiteEvalTensors(tflite::Model const*, tflite::SubgraphAllocations*)</a> from micro_allocator.o(.text._ZN6tflite14MicroAllocator25AllocateTfLiteEvalTensorsEPKNS_5ModelEPNS_19SubgraphAllocationsE) referenced from micro_allocator.o(.rodata._ZTVN6tflite14MicroAllocatorE)
 <LI><a href="#[e5]">tflite::MicroAllocator::DeallocateTempTfLiteTensor(TfLiteTensor*)</a> from micro_allocator.o(.text._ZN6tflite14MicroAllocator26DeallocateTempTfLiteTensorEP12TfLiteTensor) referenced from micro_allocator.o(.rodata._ZTVN6tflite14MicroAllocatorE)
 <LI><a href="#[ed]">tflite::MicroAllocator::AllocateNodeAndRegistrations(tflite::Model const*, tflite::SubgraphAllocations*)</a> from micro_allocator.o(.text._ZN6tflite14MicroAllocator28AllocateNodeAndRegistrationsEPKNS_5ModelEPNS_19SubgraphAllocationsE) referenced from micro_allocator.o(.rodata._ZTVN6tflite14MicroAllocatorE)
 <LI><a href="#[f3]">tflite::MicroAllocator::AllocateScratchBufferHandles(tflite::ScratchBufferHandle**, unsigned int)</a> from micro_allocator.o(.text._ZN6tflite14MicroAllocator28AllocateScratchBufferHandlesEPPNS_19ScratchBufferHandleEj) referenced from micro_allocator.o(.rodata._ZTVN6tflite14MicroAllocatorE)
 <LI><a href="#[e3]">tflite::MicroAllocator::AllocatePersistentTfLiteTensor(tflite::Model const*, tflite::SubgraphAllocations const*, int, int)</a> from micro_allocator.o(.text._ZN6tflite14MicroAllocator30AllocatePersistentTfLiteTensorEPKNS_5ModelEPKNS_19SubgraphAllocationsEii) referenced from micro_allocator.o(.rodata._ZTVN6tflite14MicroAllocatorE)
 <LI><a href="#[f1]">tflite::MicroAllocator::PopulateTfLiteTensorFromFlatbuffer(tflite::Model const*, TfLiteTensor*, int, int, bool)</a> from micro_allocator.o(.text._ZN6tflite14MicroAllocator34PopulateTfLiteTensorFromFlatbufferEPKNS_5ModelEP12TfLiteTensoriib) referenced from micro_allocator.o(.rodata._ZTVN6tflite14MicroAllocatorE)
 <LI><a href="#[f0]">tflite::MicroAllocator::AllocatePersistentTfLiteTensorInternal()</a> from micro_allocator.o(.text._ZN6tflite14MicroAllocator38AllocatePersistentTfLiteTensorInternalEv) referenced from micro_allocator.o(.rodata._ZTVN6tflite14MicroAllocatorE)
 <LI><a href="#[ec]">tflite::MicroAllocator::~MicroAllocator__deallocating()</a> from micro_allocator.o(.text._ZN6tflite14MicroAllocatorD0Ev) referenced from micro_allocator.o(.rodata._ZTVN6tflite14MicroAllocatorE)
 <LI><a href="#[eb]">tflite::MicroAllocator::~MicroAllocator__sub_object()</a> from micro_allocator.o(.text._ZN6tflite14MicroAllocatorD2Ev) referenced from micro_allocator.o(.rodata._ZTVN6tflite14MicroAllocatorE)
 <LI><a href="#[9f]">tflite::ParseTranspose(tflite::Operator const*, tflite::ErrorReporter*, tflite::BuiltinDataAllocator*, void**)</a> from flatbuffer_conversions.o(.text._ZN6tflite14ParseTransposeEPKNS_8OperatorEPNS_13ErrorReporterEPNS_20BuiltinDataAllocatorEPPv) referenced 2 times from yolov8nposemodel.o(.text._ZN6tflite22MicroMutableOpResolverILj2EE12AddTransposeEv)
 <LI><a href="#[b9]">tflite::MicroOpResolver::~MicroOpResolver__sub_object()</a> from main.o(.text._ZN6tflite15MicroOpResolverD2Ev) referenced from main.o(.rodata._ZTVN6tflite22MicroMutableOpResolverILj2EEE)
 <LI><a href="#[b9]">tflite::MicroOpResolver::~MicroOpResolver__sub_object()</a> from main.o(.text._ZN6tflite15MicroOpResolverD2Ev) referenced from main.o(.rodata._ZTVN6tflite22MicroMutableOpResolverILj6EEE)
 <LI><a href="#[b9]">tflite::MicroOpResolver::~MicroOpResolver__sub_object()</a> from main.o(.text._ZN6tflite15MicroOpResolverD2Ev) referenced from main.o(.rodata._ZTVN6tflite22MicroMutableOpResolverILj7EEE)
 <LI><a href="#[f6]">tflite::MicroErrorReporter::Report(char const*, std::__va_list)</a> from micro_error_reporter.o(.text._ZN6tflite18MicroErrorReporter6ReportEPKcSt9__va_list) referenced from micro_error_reporter.o(.rodata._ZTVN6tflite18MicroErrorReporterE)
 <LI><a href="#[f5]">tflite::MicroErrorReporter::~MicroErrorReporter__deallocating()</a> from micro_error_reporter.o(.text._ZN6tflite18MicroErrorReporterD0Ev) referenced from micro_error_reporter.o(.rodata._ZTVN6tflite18MicroErrorReporterE)
 <LI><a href="#[10a]">tflite::MicroMemoryPlanner::PrintMemoryPlan()</a> from linear_memory_planner.o(.text._ZN6tflite18MicroMemoryPlanner15PrintMemoryPlanEv) referenced from linear_memory_planner.o(.rodata._ZTVN6tflite19LinearMemoryPlannerE)
 <LI><a href="#[108]">tflite::MicroMemoryPlanner::Init(unsigned char*, int)</a> from linear_memory_planner.o(.text._ZN6tflite18MicroMemoryPlanner4InitEPhi) referenced from linear_memory_planner.o(.rodata._ZTVN6tflite19LinearMemoryPlannerE)
 <LI><a href="#[104]">tflite::MicroMemoryPlanner::AddBuffer(int, int, int, int)</a> from linear_memory_planner.o(.text._ZN6tflite18MicroMemoryPlanner9AddBufferEiiii) referenced from linear_memory_planner.o(.rodata._ZTVN6tflite19LinearMemoryPlannerE)
 <LI><a href="#[fc]">tflite::GreedyMemoryPlanner::GetBufferCount()</a> from greedy_memory_planner.o(.text._ZN6tflite19GreedyMemoryPlanner14GetBufferCountEv) referenced from greedy_memory_planner.o(.rodata._ZTVN6tflite19GreedyMemoryPlannerE)
 <LI><a href="#[100]">tflite::GreedyMemoryPlanner::PrintMemoryPlan()</a> from greedy_memory_planner.o(.text._ZN6tflite19GreedyMemoryPlanner15PrintMemoryPlanEv) referenced from greedy_memory_planner.o(.rodata._ZTVN6tflite19GreedyMemoryPlannerE)
 <LI><a href="#[fd]">tflite::GreedyMemoryPlanner::GetOffsetForBuffer(int, int*)</a> from greedy_memory_planner.o(.text._ZN6tflite19GreedyMemoryPlanner18GetOffsetForBufferEiPi) referenced from greedy_memory_planner.o(.rodata._ZTVN6tflite19GreedyMemoryPlannerE)
 <LI><a href="#[fb]">tflite::GreedyMemoryPlanner::GetMaximumMemorySize()</a> from greedy_memory_planner.o(.text._ZN6tflite19GreedyMemoryPlanner20GetMaximumMemorySizeEv) referenced from greedy_memory_planner.o(.rodata._ZTVN6tflite19GreedyMemoryPlannerE)
 <LI><a href="#[fe]">tflite::GreedyMemoryPlanner::Init(unsigned char*, int)</a> from greedy_memory_planner.o(.text._ZN6tflite19GreedyMemoryPlanner4InitEPhi) referenced from greedy_memory_planner.o(.rodata._ZTVN6tflite19GreedyMemoryPlannerE)
 <LI><a href="#[f9]">tflite::GreedyMemoryPlanner::AddBuffer(int, int, int)</a> from greedy_memory_planner.o(.text._ZN6tflite19GreedyMemoryPlanner9AddBufferEiii) referenced from greedy_memory_planner.o(.rodata._ZTVN6tflite19GreedyMemoryPlannerE)
 <LI><a href="#[fa]">tflite::GreedyMemoryPlanner::AddBuffer(int, int, int, int)</a> from greedy_memory_planner.o(.text._ZN6tflite19GreedyMemoryPlanner9AddBufferEiiii) referenced from greedy_memory_planner.o(.rodata._ZTVN6tflite19GreedyMemoryPlannerE)
 <LI><a href="#[f8]">tflite::GreedyMemoryPlanner::~GreedyMemoryPlanner__deallocating()</a> from greedy_memory_planner.o(.text._ZN6tflite19GreedyMemoryPlannerD0Ev) referenced from greedy_memory_planner.o(.rodata._ZTVN6tflite19GreedyMemoryPlannerE)
 <LI><a href="#[f7]">tflite::GreedyMemoryPlanner::~GreedyMemoryPlanner__sub_object()</a> from greedy_memory_planner.o(.text._ZN6tflite19GreedyMemoryPlannerD2Ev) referenced from greedy_memory_planner.o(.rodata._ZTVN6tflite19GreedyMemoryPlannerE)
 <LI><a href="#[106]">tflite::LinearMemoryPlanner::GetBufferCount()</a> from linear_memory_planner.o(.text._ZN6tflite19LinearMemoryPlanner14GetBufferCountEv) referenced from linear_memory_planner.o(.rodata._ZTVN6tflite19LinearMemoryPlannerE)
 <LI><a href="#[107]">tflite::LinearMemoryPlanner::GetOffsetForBuffer(int, int*)</a> from linear_memory_planner.o(.text._ZN6tflite19LinearMemoryPlanner18GetOffsetForBufferEiPi) referenced from linear_memory_planner.o(.rodata._ZTVN6tflite19LinearMemoryPlannerE)
 <LI><a href="#[105]">tflite::LinearMemoryPlanner::GetMaximumMemorySize()</a> from linear_memory_planner.o(.text._ZN6tflite19LinearMemoryPlanner20GetMaximumMemorySizeEv) referenced from linear_memory_planner.o(.rodata._ZTVN6tflite19LinearMemoryPlannerE)
 <LI><a href="#[103]">tflite::LinearMemoryPlanner::AddBuffer(int, int, int)</a> from linear_memory_planner.o(.text._ZN6tflite19LinearMemoryPlanner9AddBufferEiii) referenced from linear_memory_planner.o(.rodata._ZTVN6tflite19LinearMemoryPlannerE)
 <LI><a href="#[102]">tflite::LinearMemoryPlanner::~LinearMemoryPlanner__deallocating()</a> from linear_memory_planner.o(.text._ZN6tflite19LinearMemoryPlannerD0Ev) referenced from linear_memory_planner.o(.rodata._ZTVN6tflite19LinearMemoryPlannerE)
 <LI><a href="#[101]">tflite::LinearMemoryPlanner::~LinearMemoryPlanner__sub_object()</a> from linear_memory_planner.o(.text._ZN6tflite19LinearMemoryPlannerD2Ev) referenced from linear_memory_planner.o(.rodata._ZTVN6tflite19LinearMemoryPlannerE)
 <LI><a href="#[a2]">tflite::ParseFullyConnected(tflite::Operator const*, tflite::ErrorReporter*, tflite::BuiltinDataAllocator*, void**)</a> from flatbuffer_conversions.o(.text._ZN6tflite19ParseFullyConnectedEPKNS_8OperatorEPNS_13ErrorReporterEPNS_20BuiltinDataAllocatorEPPv) referenced 2 times from repcountermodel.o(.text._ZN6tflite22MicroMutableOpResolverILj6EE17AddFullyConnectedERK16TFLMRegistration)
 <LI><a href="#[a2]">tflite::ParseFullyConnected(tflite::Operator const*, tflite::ErrorReporter*, tflite::BuiltinDataAllocator*, void**)</a> from flatbuffer_conversions.o(.text._ZN6tflite19ParseFullyConnectedEPKNS_8OperatorEPNS_13ErrorReporterEPNS_20BuiltinDataAllocatorEPPv) referenced 2 times from errorclassmodel.o(.text._ZN6tflite22MicroMutableOpResolverILj7EE17AddFullyConnectedERK16TFLMRegistration)
 <LI><a href="#[ca]">tflite::BuiltinDataAllocator::~BuiltinDataAllocator__sub_object()</a> from micro_allocator.o(.text._ZN6tflite20BuiltinDataAllocatorD2Ev) referenced from micro_allocator.o(.text._ZN6tflite14MicroAllocator20StartModelAllocationEPKNS_5ModelE)
 <LI><a href="#[d4]">tflite::MicroContextGetTensor(TfLiteContext const*, int)</a> from micro_interpreter.o(.text._ZN6tflite21MicroContextGetTensorEPK13TfLiteContexti) referenced 2 times from micro_interpreter.o(.text._ZN6tflite16MicroInterpreterC2EPKNS_5ModelERKNS_15MicroOpResolverEPNS_14MicroAllocatorEPNS_22MicroResourceVariablesEPNS_22MicroProfilerInterfaceE)
 <LI><a href="#[112]">tflite::MicroInterpreterGraph::NumSubgraphs()</a> from micro_interpreter_graph.o(.text._ZN6tflite21MicroInterpreterGraph12NumSubgraphsEv) referenced from micro_interpreter_graph.o(.rodata._ZTVN6tflite21MicroInterpreterGraphE)
 <LI><a href="#[117]">tflite::MicroInterpreterGraph::FreeSubgraphs()</a> from micro_interpreter_graph.o(.text._ZN6tflite21MicroInterpreterGraph13FreeSubgraphsEv) referenced from micro_interpreter_graph.o(.rodata._ZTVN6tflite21MicroInterpreterGraphE)
 <LI><a href="#[114]">tflite::MicroInterpreterGraph::InitSubgraphs()</a> from micro_interpreter_graph.o(.text._ZN6tflite21MicroInterpreterGraph13InitSubgraphsEv) referenced from micro_interpreter_graph.o(.rodata._ZTVN6tflite21MicroInterpreterGraphE)
 <LI><a href="#[10d]">tflite::MicroInterpreterGraph::InvokeSubgraph(int)</a> from micro_interpreter_graph.o(.text._ZN6tflite21MicroInterpreterGraph14InvokeSubgraphEi) referenced from micro_interpreter_graph.o(.rodata._ZTVN6tflite21MicroInterpreterGraphE)
 <LI><a href="#[116]">tflite::MicroInterpreterGraph::ResetSubgraphs()</a> from micro_interpreter_graph.o(.text._ZN6tflite21MicroInterpreterGraph14ResetSubgraphsEv) referenced from micro_interpreter_graph.o(.rodata._ZTVN6tflite21MicroInterpreterGraphE)
 <LI><a href="#[10f]">tflite::MicroInterpreterGraph::GetSubgraphInput(int, int)</a> from micro_interpreter_graph.o(.text._ZN6tflite21MicroInterpreterGraph16GetSubgraphInputEii) referenced from micro_interpreter_graph.o(.rodata._ZTVN6tflite21MicroInterpreterGraphE)
 <LI><a href="#[115]">tflite::MicroInterpreterGraph::PrepareSubgraphs()</a> from micro_interpreter_graph.o(.text._ZN6tflite21MicroInterpreterGraph16PrepareSubgraphsEv) referenced from micro_interpreter_graph.o(.rodata._ZTVN6tflite21MicroInterpreterGraphE)
 <LI><a href="#[111]">tflite::MicroInterpreterGraph::GetSubgraphOutput(int, int)</a> from micro_interpreter_graph.o(.text._ZN6tflite21MicroInterpreterGraph17GetSubgraphOutputEii) referenced from micro_interpreter_graph.o(.rodata._ZTVN6tflite21MicroInterpreterGraphE)
 <LI><a href="#[10e]">tflite::MicroInterpreterGraph::NumSubgraphInputs(int)</a> from micro_interpreter_graph.o(.text._ZN6tflite21MicroInterpreterGraph17NumSubgraphInputsEi) referenced from micro_interpreter_graph.o(.rodata._ZTVN6tflite21MicroInterpreterGraphE)
 <LI><a href="#[110]">tflite::MicroInterpreterGraph::NumSubgraphOutputs(int)</a> from micro_interpreter_graph.o(.text._ZN6tflite21MicroInterpreterGraph18NumSubgraphOutputsEi) referenced from micro_interpreter_graph.o(.rodata._ZTVN6tflite21MicroInterpreterGraphE)
 <LI><a href="#[113]">tflite::MicroInterpreterGraph::GetResourceVariables()</a> from micro_interpreter_graph.o(.text._ZN6tflite21MicroInterpreterGraph20GetResourceVariablesEv) referenced from micro_interpreter_graph.o(.rodata._ZTVN6tflite21MicroInterpreterGraphE)
 <LI><a href="#[118]">tflite::MicroInterpreterGraph::ResetVariableTensors()</a> from micro_interpreter_graph.o(.text._ZN6tflite21MicroInterpreterGraph20ResetVariableTensorsEv) referenced from micro_interpreter_graph.o(.rodata._ZTVN6tflite21MicroInterpreterGraphE)
 <LI><a href="#[10c]">tflite::MicroInterpreterGraph::~MicroInterpreterGraph__deallocating()</a> from micro_interpreter_graph.o(.text._ZN6tflite21MicroInterpreterGraphD0Ev) referenced from micro_interpreter_graph.o(.rodata._ZTVN6tflite21MicroInterpreterGraphE)
 <LI><a href="#[10b]">tflite::MicroInterpreterGraph::~MicroInterpreterGraph__sub_object()</a> from micro_interpreter_graph.o(.text._ZN6tflite21MicroInterpreterGraphD2Ev) referenced from micro_interpreter_graph.o(.rodata._ZTVN6tflite21MicroInterpreterGraphE)
 <LI><a href="#[ba]">tflite::MicroMutableOpResolver&lang;2u&rang;::~MicroMutableOpResolver__deallocating()</a> from main.o(.text._ZN6tflite22MicroMutableOpResolverILj2EED0Ev) referenced from main.o(.rodata._ZTVN6tflite22MicroMutableOpResolverILj2EEE)
 <LI><a href="#[be]">tflite::MicroMutableOpResolver&lang;6u&rang;::~MicroMutableOpResolver__deallocating()</a> from main.o(.text._ZN6tflite22MicroMutableOpResolverILj6EED0Ev) referenced from main.o(.rodata._ZTVN6tflite22MicroMutableOpResolverILj6EEE)
 <LI><a href="#[c2]">tflite::MicroMutableOpResolver&lang;7u&rang;::~MicroMutableOpResolver__deallocating()</a> from main.o(.text._ZN6tflite22MicroMutableOpResolverILj7EED0Ev) referenced from main.o(.rodata._ZTVN6tflite22MicroMutableOpResolverILj7EEE)
 <LI><a href="#[122]">tflite::MicroInterpreterContext::GetEvalTensor(int)</a> from micro_interpreter_context.o(.text._ZN6tflite23MicroInterpreterContext13GetEvalTensorEi) referenced from micro_interpreter_context.o(.rodata._ZTVN6tflite23MicroInterpreterContextE)
 <LI><a href="#[11d]">tflite::MicroInterpreterContext::GetScratchBuffer(int)</a> from micro_interpreter_context.o(.text._ZN6tflite23MicroInterpreterContext16GetScratchBufferEi) referenced from micro_interpreter_context.o(.rodata._ZTVN6tflite23MicroInterpreterContextE)
 <LI><a href="#[124]">tflite::MicroInterpreterContext::external_context()</a> from micro_interpreter_context.o(.text._ZN6tflite23MicroInterpreterContext16external_contextEv) referenced from micro_interpreter_context.o(.rodata._ZTVN6tflite23MicroInterpreterContextE)
 <LI><a href="#[120]">tflite::MicroInterpreterContext::AllocateTempBuffer(unsigned int, unsigned int)</a> from micro_interpreter_context.o(.text._ZN6tflite23MicroInterpreterContext18AllocateTempBufferEjj) referenced from micro_interpreter_context.o(.rodata._ZTVN6tflite23MicroInterpreterContextE)
 <LI><a href="#[121]">tflite::MicroInterpreterContext::DeallocateTempBuffer(unsigned char*)</a> from micro_interpreter_context.o(.text._ZN6tflite23MicroInterpreterContext20DeallocateTempBufferEPh) referenced from micro_interpreter_context.o(.rodata._ZTVN6tflite23MicroInterpreterContextE)
 <LI><a href="#[123]">tflite::MicroInterpreterContext::set_external_context(void*)</a> from micro_interpreter_context.o(.text._ZN6tflite23MicroInterpreterContext20set_external_contextEPv) referenced from micro_interpreter_context.o(.rodata._ZTVN6tflite23MicroInterpreterContextE)
 <LI><a href="#[11b]">tflite::MicroInterpreterContext::AllocatePersistentBuffer(unsigned int)</a> from micro_interpreter_context.o(.text._ZN6tflite23MicroInterpreterContext24AllocatePersistentBufferEj) referenced from micro_interpreter_context.o(.rodata._ZTVN6tflite23MicroInterpreterContextE)
 <LI><a href="#[11e]">tflite::MicroInterpreterContext::AllocateTempTfLiteTensor(int)</a> from micro_interpreter_context.o(.text._ZN6tflite23MicroInterpreterContext24AllocateTempTfLiteTensorEi) referenced from micro_interpreter_context.o(.rodata._ZTVN6tflite23MicroInterpreterContextE)
 <LI><a href="#[11f]">tflite::MicroInterpreterContext::DeallocateTempTfLiteTensor(TfLiteTensor*)</a> from micro_interpreter_context.o(.text._ZN6tflite23MicroInterpreterContext26DeallocateTempTfLiteTensorEP12TfLiteTensor) referenced from micro_interpreter_context.o(.rodata._ZTVN6tflite23MicroInterpreterContextE)
 <LI><a href="#[11c]">tflite::MicroInterpreterContext::RequestScratchBufferInArena(unsigned int, int*)</a> from micro_interpreter_context.o(.text._ZN6tflite23MicroInterpreterContext27RequestScratchBufferInArenaEjPi) referenced from micro_interpreter_context.o(.rodata._ZTVN6tflite23MicroInterpreterContextE)
 <LI><a href="#[125]">tflite::MicroInterpreterContext::graph()</a> from micro_interpreter_context.o(.text._ZN6tflite23MicroInterpreterContext5graphEv) referenced from micro_interpreter_context.o(.rodata._ZTVN6tflite23MicroInterpreterContextE)
 <LI><a href="#[11a]">tflite::MicroInterpreterContext::~MicroInterpreterContext__deallocating()</a> from micro_interpreter_context.o(.text._ZN6tflite23MicroInterpreterContextD0Ev) referenced from micro_interpreter_context.o(.rodata._ZTVN6tflite23MicroInterpreterContextE)
 <LI><a href="#[119]">tflite::MicroInterpreterContext::~MicroInterpreterContext__sub_object()</a> from micro_interpreter_context.o(.text._ZN6tflite23MicroInterpreterContextD2Ev) referenced from micro_interpreter_context.o(.rodata._ZTVN6tflite23MicroInterpreterContextE)
 <LI><a href="#[d9]">tflite::PrepareReshapeReference(TfLiteContext*, TfLiteNode*)</a> from reshape_common.o(.text._ZN6tflite23PrepareReshapeReferenceEP13TfLiteContextP10TfLiteNode) referenced 2 times from reshape.o(.text._ZN6tflite16Register_RESHAPEEv)
 <LI><a href="#[d3]">tflite::MicroContextGetEvalTensor(TfLiteContext const*, int)</a> from micro_interpreter.o(.text._ZN6tflite25MicroContextGetEvalTensorEPK13TfLiteContexti) referenced 2 times from micro_interpreter.o(.text._ZN6tflite16MicroInterpreterC2EPKNS_5ModelERKNS_15MicroOpResolverEPNS_14MicroAllocatorEPNS_22MicroResourceVariablesEPNS_22MicroProfilerInterfaceE)
 <LI><a href="#[d2]">tflite::MicroContextReportOpError(TfLiteContext*, char const*, ...)</a> from micro_context.o(.text._ZN6tflite25MicroContextReportOpErrorEP13TfLiteContextPKcz) referenced 2 times from micro_interpreter.o(.text._ZN6tflite16MicroInterpreterC2EPKNS_5ModelERKNS_15MicroOpResolverEPNS_14MicroAllocatorEPNS_22MicroResourceVariablesEPNS_22MicroProfilerInterfaceE)
 <LI><a href="#[128]">tflite::SingleArenaBufferAllocator::AllocateTemp(unsigned int, unsigned int)</a> from single_arena_buffer_allocator.o(.text._ZN6tflite26SingleArenaBufferAllocator12AllocateTempEjj) referenced from single_arena_buffer_allocator.o(.rodata._ZTVN6tflite26SingleArenaBufferAllocatorE)
 <LI><a href="#[12d]">tflite::SingleArenaBufferAllocator::ResizeBuffer(unsigned char*, unsigned int, unsigned int)</a> from single_arena_buffer_allocator.o(.text._ZN6tflite26SingleArenaBufferAllocator12ResizeBufferEPhjj) referenced from single_arena_buffer_allocator.o(.rodata._ZTVN6tflite26SingleArenaBufferAllocatorE)
 <LI><a href="#[129]">tflite::SingleArenaBufferAllocator::DeallocateTemp(unsigned char*)</a> from single_arena_buffer_allocator.o(.text._ZN6tflite26SingleArenaBufferAllocator14DeallocateTempEPh) referenced from single_arena_buffer_allocator.o(.rodata._ZTVN6tflite26SingleArenaBufferAllocatorE)
 <LI><a href="#[12a]">tflite::SingleArenaBufferAllocator::IsAllTempDeallocated()</a> from single_arena_buffer_allocator.o(.text._ZN6tflite26SingleArenaBufferAllocator20IsAllTempDeallocatedEv) referenced from single_arena_buffer_allocator.o(.rodata._ZTVN6tflite26SingleArenaBufferAllocatorE)
 <LI><a href="#[12b]">tflite::SingleArenaBufferAllocator::ResetTempAllocations()</a> from single_arena_buffer_allocator.o(.text._ZN6tflite26SingleArenaBufferAllocator20ResetTempAllocationsEv) referenced from single_arena_buffer_allocator.o(.rodata._ZTVN6tflite26SingleArenaBufferAllocatorE)
 <LI><a href="#[12c]">tflite::SingleArenaBufferAllocator::AllocateResizableBuffer(unsigned int, unsigned int)</a> from single_arena_buffer_allocator.o(.text._ZN6tflite26SingleArenaBufferAllocator23AllocateResizableBufferEjj) referenced from single_arena_buffer_allocator.o(.rodata._ZTVN6tflite26SingleArenaBufferAllocatorE)
 <LI><a href="#[133]">tflite::SingleArenaBufferAllocator::AllocatePersistentBuffer(unsigned int, unsigned int)</a> from single_arena_buffer_allocator.o(.text._ZN6tflite26SingleArenaBufferAllocator24AllocatePersistentBufferEjj) referenced from single_arena_buffer_allocator.o(.rodata._ZTVN6tflite26SingleArenaBufferAllocatorE)
 <LI><a href="#[12e]">tflite::SingleArenaBufferAllocator::DeallocateResizableBuffer(unsigned char*)</a> from single_arena_buffer_allocator.o(.text._ZN6tflite26SingleArenaBufferAllocator25DeallocateResizableBufferEPh) referenced from single_arena_buffer_allocator.o(.rodata._ZTVN6tflite26SingleArenaBufferAllocatorE)
 <LI><a href="#[130]">tflite::SingleArenaBufferAllocator::ReserveNonPersistentOverlayMemory(unsigned int, unsigned int)</a> from single_arena_buffer_allocator.o(.text._ZN6tflite26SingleArenaBufferAllocator33ReserveNonPersistentOverlayMemoryEjj) referenced from single_arena_buffer_allocator.o(.rodata._ZTVN6tflite26SingleArenaBufferAllocatorE)
 <LI><a href="#[127]">tflite::SingleArenaBufferAllocator::~SingleArenaBufferAllocator__deallocating()</a> from single_arena_buffer_allocator.o(.text._ZN6tflite26SingleArenaBufferAllocatorD0Ev) referenced from single_arena_buffer_allocator.o(.rodata._ZTVN6tflite26SingleArenaBufferAllocatorE)
 <LI><a href="#[126]">tflite::SingleArenaBufferAllocator::~SingleArenaBufferAllocator__sub_object()</a> from single_arena_buffer_allocator.o(.text._ZN6tflite26SingleArenaBufferAllocatorD2Ev) referenced from single_arena_buffer_allocator.o(.rodata._ZTVN6tflite26SingleArenaBufferAllocatorE)
 <LI><a href="#[d8]">tflite::MicroContextGetScratchBuffer(TfLiteContext*, int)</a> from micro_interpreter.o(.text._ZN6tflite28MicroContextGetScratchBufferEP13TfLiteContexti) referenced 2 times from micro_interpreter.o(.text._ZN6tflite16MicroInterpreterC2EPKNS_5ModelERKNS_15MicroOpResolverEPNS_14MicroAllocatorEPNS_22MicroResourceVariablesEPNS_22MicroProfilerInterfaceE)
 <LI><a href="#[d5]">tflite::MicroContextGetExternalContext(TfLiteContext*, TfLiteExternalContextType)</a> from micro_interpreter.o(.text._ZN6tflite30MicroContextGetExternalContextEP13TfLiteContext25TfLiteExternalContextType) referenced 2 times from micro_interpreter.o(.text._ZN6tflite16MicroInterpreterC2EPKNS_5ModelERKNS_15MicroOpResolverEPNS_14MicroAllocatorEPNS_22MicroResourceVariablesEPNS_22MicroProfilerInterfaceE)
 <LI><a href="#[d7]">tflite::MicroContextAllocatePersistentBuffer(TfLiteContext*, unsigned int)</a> from micro_interpreter.o(.text._ZN6tflite36MicroContextAllocatePersistentBufferEP13TfLiteContextj) referenced 2 times from micro_interpreter.o(.text._ZN6tflite16MicroInterpreterC2EPKNS_5ModelERKNS_15MicroOpResolverEPNS_14MicroAllocatorEPNS_22MicroResourceVariablesEPNS_22MicroProfilerInterfaceE)
 <LI><a href="#[d6]">tflite::MicroContextRequestScratchBufferInArena(TfLiteContext*, unsigned int, int*)</a> from micro_interpreter.o(.text._ZN6tflite39MicroContextRequestScratchBufferInArenaEP13TfLiteContextjPi) referenced 2 times from micro_interpreter.o(.text._ZN6tflite16MicroInterpreterC2EPKNS_5ModelERKNS_15MicroOpResolverEPNS_14MicroAllocatorEPNS_22MicroResourceVariablesEPNS_22MicroProfilerInterfaceE)
 <LI><a href="#[a3]">tflite::ParseRelu(tflite::Operator const*, tflite::ErrorReporter*, tflite::BuiltinDataAllocator*, void**)</a> from flatbuffer_conversions.o(.text._ZN6tflite9ParseReluEPKNS_8OperatorEPNS_13ErrorReporterEPNS_20BuiltinDataAllocatorEPPv) referenced 2 times from repcountermodel.o(.text._ZN6tflite22MicroMutableOpResolverILj6EE7AddReluEv)
 <LI><a href="#[a3]">tflite::ParseRelu(tflite::Operator const*, tflite::ErrorReporter*, tflite::BuiltinDataAllocator*, void**)</a> from flatbuffer_conversions.o(.text._ZN6tflite9ParseReluEPKNS_8OperatorEPNS_13ErrorReporterEPNS_20BuiltinDataAllocatorEPPv) referenced 2 times from errorclassmodel.o(.text._ZN6tflite22MicroMutableOpResolverILj7EE7AddReluEv)
 <LI><a href="#[ff]">tflite::GreedyMemoryPlanner::preserves_all_tensors() const</a> from greedy_memory_planner.o(.text._ZNK6tflite19GreedyMemoryPlanner21preserves_all_tensorsEv) referenced from greedy_memory_planner.o(.rodata._ZTVN6tflite19GreedyMemoryPlannerE)
 <LI><a href="#[109]">tflite::LinearMemoryPlanner::preserves_all_tensors() const</a> from linear_memory_planner.o(.text._ZNK6tflite19LinearMemoryPlanner21preserves_all_tensorsEv) referenced from linear_memory_planner.o(.rodata._ZTVN6tflite19LinearMemoryPlannerE)
 <LI><a href="#[b8]">tflite::MicroMutableOpResolver&lang;2u&rang;::GetOpDataParser(tflite::BuiltinOperator) const</a> from main.o(.text._ZNK6tflite22MicroMutableOpResolverILj2EE15GetOpDataParserENS_15BuiltinOperatorE) referenced from main.o(.rodata._ZTVN6tflite22MicroMutableOpResolverILj2EEE)
 <LI><a href="#[b6]">tflite::MicroMutableOpResolver&lang;2u&rang;::FindOp(tflite::BuiltinOperator) const</a> from main.o(.text._ZNK6tflite22MicroMutableOpResolverILj2EE6FindOpENS_15BuiltinOperatorE) referenced from main.o(.rodata._ZTVN6tflite22MicroMutableOpResolverILj2EEE)
 <LI><a href="#[b7]">tflite::MicroMutableOpResolver&lang;2u&rang;::FindOp(char const*) const</a> from main.o(.text._ZNK6tflite22MicroMutableOpResolverILj2EE6FindOpEPKc) referenced from main.o(.rodata._ZTVN6tflite22MicroMutableOpResolverILj2EEE)
 <LI><a href="#[bd]">tflite::MicroMutableOpResolver&lang;6u&rang;::GetOpDataParser(tflite::BuiltinOperator) const</a> from main.o(.text._ZNK6tflite22MicroMutableOpResolverILj6EE15GetOpDataParserENS_15BuiltinOperatorE) referenced from main.o(.rodata._ZTVN6tflite22MicroMutableOpResolverILj6EEE)
 <LI><a href="#[bb]">tflite::MicroMutableOpResolver&lang;6u&rang;::FindOp(tflite::BuiltinOperator) const</a> from main.o(.text._ZNK6tflite22MicroMutableOpResolverILj6EE6FindOpENS_15BuiltinOperatorE) referenced from main.o(.rodata._ZTVN6tflite22MicroMutableOpResolverILj6EEE)
 <LI><a href="#[bc]">tflite::MicroMutableOpResolver&lang;6u&rang;::FindOp(char const*) const</a> from main.o(.text._ZNK6tflite22MicroMutableOpResolverILj6EE6FindOpEPKc) referenced from main.o(.rodata._ZTVN6tflite22MicroMutableOpResolverILj6EEE)
 <LI><a href="#[c1]">tflite::MicroMutableOpResolver&lang;7u&rang;::GetOpDataParser(tflite::BuiltinOperator) const</a> from main.o(.text._ZNK6tflite22MicroMutableOpResolverILj7EE15GetOpDataParserENS_15BuiltinOperatorE) referenced from main.o(.rodata._ZTVN6tflite22MicroMutableOpResolverILj7EEE)
 <LI><a href="#[bf]">tflite::MicroMutableOpResolver&lang;7u&rang;::FindOp(tflite::BuiltinOperator) const</a> from main.o(.text._ZNK6tflite22MicroMutableOpResolverILj7EE6FindOpENS_15BuiltinOperatorE) referenced from main.o(.rodata._ZTVN6tflite22MicroMutableOpResolverILj7EEE)
 <LI><a href="#[c0]">tflite::MicroMutableOpResolver&lang;7u&rang;::FindOp(char const*) const</a> from main.o(.text._ZNK6tflite22MicroMutableOpResolverILj7EE6FindOpEPKc) referenced from main.o(.rodata._ZTVN6tflite22MicroMutableOpResolverILj7EEE)
 <LI><a href="#[132]">tflite::SingleArenaBufferAllocator::GetAvailableMemory(unsigned int) const</a> from single_arena_buffer_allocator.o(.text._ZNK6tflite26SingleArenaBufferAllocator18GetAvailableMemoryEj) referenced from single_arena_buffer_allocator.o(.rodata._ZTVN6tflite26SingleArenaBufferAllocatorE)
 <LI><a href="#[134]">tflite::SingleArenaBufferAllocator::GetPersistentUsedBytes() const</a> from single_arena_buffer_allocator.o(.text._ZNK6tflite26SingleArenaBufferAllocator22GetPersistentUsedBytesEv) referenced from single_arena_buffer_allocator.o(.rodata._ZTVN6tflite26SingleArenaBufferAllocatorE)
 <LI><a href="#[12f]">tflite::SingleArenaBufferAllocator::GetOverlayMemoryAddress() const</a> from single_arena_buffer_allocator.o(.text._ZNK6tflite26SingleArenaBufferAllocator23GetOverlayMemoryAddressEv) referenced from single_arena_buffer_allocator.o(.rodata._ZTVN6tflite26SingleArenaBufferAllocatorE)
 <LI><a href="#[131]">tflite::SingleArenaBufferAllocator::GetNonPersistentUsedBytes() const</a> from single_arena_buffer_allocator.o(.text._ZNK6tflite26SingleArenaBufferAllocator25GetNonPersistentUsedBytesEv) referenced from single_arena_buffer_allocator.o(.rodata._ZTVN6tflite26SingleArenaBufferAllocatorE)
 <LI><a href="#[137]">non-virtual thunk to tflite::SingleArenaBufferAllocator::AllocatePersistentBuffer(unsigned int, unsigned int)</a> from single_arena_buffer_allocator.o(.text._ZThn4_N6tflite26SingleArenaBufferAllocator24AllocatePersistentBufferEjj) referenced from single_arena_buffer_allocator.o(.rodata._ZTVN6tflite26SingleArenaBufferAllocatorE)
 <LI><a href="#[136]">non-virtual thunk to tflite::SingleArenaBufferAllocator::~SingleArenaBufferAllocator__deallocating()</a> from single_arena_buffer_allocator.o(.text._ZThn4_N6tflite26SingleArenaBufferAllocatorD0Ev) referenced from single_arena_buffer_allocator.o(.rodata._ZTVN6tflite26SingleArenaBufferAllocatorE)
 <LI><a href="#[135]">non-virtual thunk to tflite::SingleArenaBufferAllocator::~SingleArenaBufferAllocator()</a> from single_arena_buffer_allocator.o(.text._ZThn4_N6tflite26SingleArenaBufferAllocatorD1Ev) referenced from single_arena_buffer_allocator.o(.rodata._ZTVN6tflite26SingleArenaBufferAllocatorE)
 <LI><a href="#[138]">non-virtual thunk to tflite::SingleArenaBufferAllocator::GetPersistentUsedBytes() const</a> from single_arena_buffer_allocator.o(.text._ZThn4_NK6tflite26SingleArenaBufferAllocator22GetPersistentUsedBytesEv) referenced from single_arena_buffer_allocator.o(.rodata._ZTVN6tflite26SingleArenaBufferAllocatorE)
 <LI><a href="#[b5]">__cxa_pure_virtual</a> from cxa_virtual.cpp.o(.text.__cxa_pure_virtual) referenced 2 times from model.o(.rodata._ZTVN3arm3app5ModelE)
 <LI><a href="#[9e]">__cxx_global_array_dtor</a> from main.o(.text.__cxx_global_array_dtor) referenced 2 times from main.o(.text._GLOBAL__sub_I_main.cpp)
 <LI><a href="#[9a]">_get_lc_ctype</a> from lc_ctype_c.o(locale$$code) referenced from rt_ctype_table.o(.text)
 <LI><a href="#[96]">_printf_input_char</a> from _printf_char_common.o(.text) referenced from _printf_char_common.o(.text)
 <LI><a href="#[95]">_sbackspace</a> from _sgetc.o(.text) referenced from __0sscanf.o(.text)
 <LI><a href="#[98]">_scanf_char_input</a> from scanf_char.o(.text) referenced from scanf_char.o(.text)
 <LI><a href="#[94]">_sgetc</a> from _sgetc.o(.text) referenced from __0sscanf.o(.text)
 <LI><a href="#[92]">_snputc</a> from _snputc.o(.text) referenced 2 times from vsnprintf.o(.text)
 <LI><a href="#[93]">_sputc</a> from _sputc.o(.text) referenced from __2sprintf.o(.text)
 <LI><a href="#[97]">fputc</a> from fputc.o(i.fputc) referenced from _printf_char_file.o(.text)
 <LI><a href="#[99]">isspace</a> from isspace.o(.text) referenced from scanf_char.o(.text)
 <LI><a href="#[1]">lt7381_init</a> from lcd_lt7381.o(.text.lt7381_init) referenced 2 times from lcd_lt7381.o(.data.g_s_WVGA_LT7381)
 <LI><a href="#[6]">lt7381_put_char8x16</a> from lcd_lt7381.o(.text.lt7381_put_char8x16) referenced 2 times from lcd_lt7381.o(.data.g_s_WVGA_LT7381)
 <LI><a href="#[5]">lt7381_send_pixels</a> from lcd_lt7381.o(.text.lt7381_send_pixels) referenced 2 times from lcd_lt7381.o(.data.g_s_WVGA_LT7381)
 <LI><a href="#[3]">lt7381_set_column</a> from lcd_lt7381.o(.text.lt7381_set_column) referenced 2 times from lcd_lt7381.o(.data.g_s_WVGA_LT7381)
 <LI><a href="#[4]">lt7381_set_page</a> from lcd_lt7381.o(.text.lt7381_set_page) referenced 2 times from lcd_lt7381.o(.data.g_s_WVGA_LT7381)
 <LI><a href="#[2]">lt7381_write_reg</a> from lcd_lt7381.o(.text.lt7381_write_reg) referenced 2 times from lcd_lt7381.o(.data.g_s_WVGA_LT7381)
 <LI><a href="#[a5]">nu_pdma_memfun_cb</a> from drv_pdma.o(.text.nu_pdma_memfun_cb) referenced 2 times from drv_pdma.o(.text.nu_pdma_memfun)
</UL>
<P>
<H3>
Global Symbols
</H3>
<P><STRONG><a name="[2e2]"></a>fb_alloc_init0</STRONG> (Thumb, 22 bytes, Stack size 0 bytes, fb_alloc.o(.text.fb_alloc_init0))
<BR><BR>[Called By]<UL><LI><a href="#[181]">&gt;&gt;</a>&nbsp;&nbsp;&nbsp;main
</UL>

<P><STRONG><a name="[13e]"></a>fb_alloc_stack_pointer</STRONG> (Thumb, 12 bytes, Stack size 0 bytes, fb_alloc.o(.text.fb_alloc_stack_pointer))
<BR><BR>[Called By]<UL><LI><a href="#[13f]">&gt;&gt;</a>&nbsp;&nbsp;&nbsp;framebuffer_init_image
<LI><a href="#[13b]">&gt;&gt;</a>&nbsp;&nbsp;&nbsp;framebuffer_init0
</UL>

<P><STRONG><a name="[13b]"></a>framebuffer_init0</STRONG> (Thumb, 276 bytes, Stack size 32 bytes, framebuffer.o(.text.framebuffer_init0))
<BR><BR>[Stack]<UL><LI>Max Depth = 32 + Unknown Stack Size
<LI>Call Chain = framebuffer_init0
</UL>
<BR>[Calls]<UL><LI><a href="#[13e]">&gt;&gt;</a>&nbsp;&nbsp;&nbsp;fb_alloc_stack_pointer
<LI><a href="#[13d]">&gt;&gt;</a>&nbsp;&nbsp;&nbsp;mutex_init0
<LI><a href="#[13c]">&gt;&gt;</a>&nbsp;&nbsp;&nbsp;__aeabi_memclr8
</UL>
<BR>[Called By]<UL><LI><a href="#[181]">&gt;&gt;</a>&nbsp;&nbsp;&nbsp;main
</UL>

<P><STRONG><a name="[2e3]"></a>framebuffer_init_from_image</STRONG> (Thumb, 28 bytes, Stack size 0 bytes, framebuffer.o(.text.framebuffer_init_from_image))
<BR><BR>[Called By]<UL><LI><a href="#[181]">&gt;&gt;</a>&nbsp;&nbsp;&nbsp;main
</UL>

<P><STRONG><a name="[13f]"></a>framebuffer_init_image</STRONG> (Thumb, 138 bytes, Stack size 16 bytes, framebuffer.o(.text.framebuffer_init_image))
<BR><BR>[Stack]<UL><LI>Max Depth = 16<LI>Call Chain = framebuffer_init_image
</UL>
<BR>[Calls]<UL><LI><a href="#[13e]">&gt;&gt;</a>&nbsp;&nbsp;&nbsp;fb_alloc_stack_pointer
</UL>
<BR>[Called By]<UL><LI><a href="#[181]">&gt;&gt;</a>&nbsp;&nbsp;&nbsp;main
</UL>

<P><STRONG><a name="[140]"></a>imlib_draw_circle</STRONG> (Thumb, 8530 bytes, Stack size 152 bytes, draw.o(.text.imlib_draw_circle))
<BR><BR>[Stack]<UL><LI>Max Depth = 240<LI>Call Chain = imlib_draw_circle &rArr; point_fill
</UL>
<BR>[Calls]<UL><LI><a href="#[141]">&gt;&gt;</a>&nbsp;&nbsp;&nbsp;point_fill
</UL>
<BR>[Called By]<UL><LI><a href="#[181]">&gt;&gt;</a>&nbsp;&nbsp;&nbsp;main
</UL>

<P><STRONG><a name="[142]"></a>imlib_draw_line</STRONG> (Thumb, 200 bytes, Stack size 64 bytes, draw.o(.text.imlib_draw_line))
<BR><BR>[Stack]<UL><LI>Max Depth = 152<LI>Call Chain = imlib_draw_line &rArr; point_fill
</UL>
<BR>[Calls]<UL><LI><a href="#[141]">&gt;&gt;</a>&nbsp;&nbsp;&nbsp;point_fill
</UL>
<BR>[Called By]<UL><LI><a href="#[181]">&gt;&gt;</a>&nbsp;&nbsp;&nbsp;main
</UL>

<P><STRONG><a name="[2ea]"></a>imlib_draw_rectangle</STRONG> (Thumb, 4342 bytes, Stack size 172 bytes, draw.o(.text.imlib_draw_rectangle))
<BR><BR>[Stack]<UL><LI>Max Depth = 172<LI>Call Chain = imlib_draw_rectangle
</UL>
<BR>[Called By]<UL><LI><a href="#[181]">&gt;&gt;</a>&nbsp;&nbsp;&nbsp;main
</UL>

<P><STRONG><a name="[143]"></a>imlib_nvt_scale</STRONG> (Thumb, 4566 bytes, Stack size 464 bytes, imlib_nvt.o(.text.imlib_nvt_scale))
<BR><BR>[Stack]<UL><LI>Max Depth = 464<LI>Call Chain = imlib_nvt_scale
</UL>
<BR>[Calls]<UL><LI><a href="#[145]">&gt;&gt;</a>&nbsp;&nbsp;&nbsp;imlib_yuv_to_rgb
<LI><a href="#[144]">&gt;&gt;</a>&nbsp;&nbsp;&nbsp;RGB565toYUYV_SW
</UL>
<BR>[Called By]<UL><LI><a href="#[181]">&gt;&gt;</a>&nbsp;&nbsp;&nbsp;main
</UL>

<P><STRONG><a name="[2ec]"></a>imlib_nvt_vflip</STRONG> (Thumb, 288 bytes, Stack size 60 bytes, imlib_nvt.o(.text.imlib_nvt_vflip))
<BR><BR>[Stack]<UL><LI>Max Depth = 60<LI>Call Chain = imlib_nvt_vflip
</UL>
<BR>[Called By]<UL><LI><a href="#[181]">&gt;&gt;</a>&nbsp;&nbsp;&nbsp;main
</UL>

<P><STRONG><a name="[145]"></a>imlib_yuv_to_rgb</STRONG> (Thumb, 78 bytes, Stack size 0 bytes, imlib.o(.text.imlib_yuv_to_rgb))
<BR><BR>[Called By]<UL><LI><a href="#[143]">&gt;&gt;</a>&nbsp;&nbsp;&nbsp;imlib_nvt_scale
</UL>

<P><STRONG><a name="[13d]"></a>mutex_init0</STRONG> (Thumb, 14 bytes, Stack size 0 bytes, mutex.o(.text.mutex_init0))
<BR><BR>[Called By]<UL><LI><a href="#[13b]">&gt;&gt;</a>&nbsp;&nbsp;&nbsp;framebuffer_init0
</UL>

<P><STRONG><a name="[139]"></a>__main</STRONG> (Thumb, 8 bytes, Stack size 0 bytes, __main.o(!!!main))
<BR><BR>[Calls]<UL><LI><a href="#[146]">&gt;&gt;</a>&nbsp;&nbsp;&nbsp;__scatterload
<LI><a href="#[147]">&gt;&gt;</a>&nbsp;&nbsp;&nbsp;__rt_entry
</UL>
<BR>[Called By]<UL><LI><a href="#[7]">&gt;&gt;</a>&nbsp;&nbsp;&nbsp;Reset_Handler
</UL>

<P><STRONG><a name="[146]"></a>__scatterload</STRONG> (Thumb, 0 bytes, Stack size unknown bytes, __scatter.o(!!!scatter))
<BR><BR>[Called By]<UL><LI><a href="#[139]">&gt;&gt;</a>&nbsp;&nbsp;&nbsp;__main
</UL>

<P><STRONG><a name="[148]"></a>__scatterload_rt2</STRONG> (Thumb, 84 bytes, Stack size unknown bytes, __scatter.o(!!!scatter), UNUSED)
<BR><BR>[Calls]<UL><LI><a href="#[147]">&gt;&gt;</a>&nbsp;&nbsp;&nbsp;__rt_entry
</UL>

<P><STRONG><a name="[398]"></a>__scatterload_rt2_thumb_only</STRONG> (Thumb, 0 bytes, Stack size unknown bytes, __scatter.o(!!!scatter), UNUSED)

<P><STRONG><a name="[399]"></a>__scatterload_loop</STRONG> (Thumb, 0 bytes, Stack size unknown bytes, __scatter.o(!!!scatter), UNUSED)

<P><STRONG><a name="[39a]"></a>__decompress</STRONG> (Thumb, 100 bytes, Stack size unknown bytes, __dclz77c.o(!!dclz77c), UNUSED)

<P><STRONG><a name="[39b]"></a>__decompress2</STRONG> (Thumb, 0 bytes, Stack size unknown bytes, __dclz77c.o(!!dclz77c), UNUSED)

<P><STRONG><a name="[149]"></a>__scatterload_copy</STRONG> (Thumb, 26 bytes, Stack size unknown bytes, __scatter_copy.o(!!handler_copy), UNUSED)
<BR><BR>[Calls]<UL><LI><a href="#[149]">&gt;&gt;</a>&nbsp;&nbsp;&nbsp;__scatterload_copy
</UL>
<BR>[Called By]<UL><LI><a href="#[149]">&gt;&gt;</a>&nbsp;&nbsp;&nbsp;__scatterload_copy
</UL>

<P><STRONG><a name="[39c]"></a>__scatterload_null</STRONG> (Thumb, 2 bytes, Stack size unknown bytes, __scatter.o(!!handler_null), UNUSED)

<P><STRONG><a name="[39d]"></a>__scatterload_zeroinit</STRONG> (Thumb, 28 bytes, Stack size unknown bytes, __scatter_zi.o(!!handler_zi), UNUSED)

<P><STRONG><a name="[14a]"></a>_printf_n</STRONG> (Thumb, 0 bytes, Stack size unknown bytes, _printf_n.o(.ARM.Collect$$_printf_percent$$00000001))
<BR><BR>[Calls]<UL><LI><a href="#[14b]">&gt;&gt;</a>&nbsp;&nbsp;&nbsp;_printf_charcount
</UL>

<P><STRONG><a name="[19c]"></a>_printf_percent</STRONG> (Thumb, 0 bytes, Stack size unknown bytes, _printf_percent.o(.ARM.Collect$$_printf_percent$$00000000))
<BR><BR>[Called By]<UL><LI><a href="#[19a]">&gt;&gt;</a>&nbsp;&nbsp;&nbsp;__printf
</UL>

<P><STRONG><a name="[14c]"></a>_printf_p</STRONG> (Thumb, 0 bytes, Stack size unknown bytes, _printf_p.o(.ARM.Collect$$_printf_percent$$00000002))
<BR><BR>[Stack]<UL><LI>Max Depth = 64 + Unknown Stack Size
<LI>Call Chain = _printf_p &rArr; _printf_hex_ptr &rArr; _printf_longlong_hex &rArr; _printf_int_common &rArr; _printf_post_padding
</UL>
<BR>[Calls]<UL><LI><a href="#[14d]">&gt;&gt;</a>&nbsp;&nbsp;&nbsp;_printf_hex_ptr
</UL>

<P><STRONG><a name="[14e]"></a>_printf_f</STRONG> (Thumb, 0 bytes, Stack size unknown bytes, _printf_f.o(.ARM.Collect$$_printf_percent$$00000003))
<BR><BR>[Stack]<UL><LI>Max Depth = 324 + Unknown Stack Size
<LI>Call Chain = _printf_f &rArr; _printf_fp_dec &rArr; _printf_fp_dec_real &rArr; _fp_digits &rArr; _btod_etento &rArr; _btod_emul &rArr; _e2e
</UL>
<BR>[Calls]<UL><LI><a href="#[14f]">&gt;&gt;</a>&nbsp;&nbsp;&nbsp;_printf_fp_dec
</UL>

<P><STRONG><a name="[150]"></a>_printf_e</STRONG> (Thumb, 0 bytes, Stack size unknown bytes, _printf_e.o(.ARM.Collect$$_printf_percent$$00000004))
<BR><BR>[Stack]<UL><LI>Max Depth = 324 + Unknown Stack Size
<LI>Call Chain = _printf_e &rArr; _printf_fp_dec &rArr; _printf_fp_dec_real &rArr; _fp_digits &rArr; _btod_etento &rArr; _btod_emul &rArr; _e2e
</UL>
<BR>[Calls]<UL><LI><a href="#[14f]">&gt;&gt;</a>&nbsp;&nbsp;&nbsp;_printf_fp_dec
</UL>

<P><STRONG><a name="[151]"></a>_printf_g</STRONG> (Thumb, 0 bytes, Stack size unknown bytes, _printf_g.o(.ARM.Collect$$_printf_percent$$00000005))
<BR><BR>[Stack]<UL><LI>Max Depth = 324 + Unknown Stack Size
<LI>Call Chain = _printf_g &rArr; _printf_fp_dec &rArr; _printf_fp_dec_real &rArr; _fp_digits &rArr; _btod_etento &rArr; _btod_emul &rArr; _e2e
</UL>
<BR>[Calls]<UL><LI><a href="#[14f]">&gt;&gt;</a>&nbsp;&nbsp;&nbsp;_printf_fp_dec
</UL>

<P><STRONG><a name="[152]"></a>_printf_a</STRONG> (Thumb, 0 bytes, Stack size unknown bytes, _printf_a.o(.ARM.Collect$$_printf_percent$$00000006))
<BR><BR>[Stack]<UL><LI>Max Depth = 112 + Unknown Stack Size
<LI>Call Chain = _printf_a &rArr; _printf_fp_hex &rArr; _printf_fp_hex_real &rArr; _printf_fp_infnan &rArr; _printf_post_padding
</UL>
<BR>[Calls]<UL><LI><a href="#[153]">&gt;&gt;</a>&nbsp;&nbsp;&nbsp;_printf_fp_hex
</UL>

<P><STRONG><a name="[39e]"></a>_printf_ll</STRONG> (Thumb, 0 bytes, Stack size unknown bytes, _printf_ll.o(.ARM.Collect$$_printf_percent$$00000007))

<P><STRONG><a name="[154]"></a>_printf_i</STRONG> (Thumb, 0 bytes, Stack size unknown bytes, _printf_i.o(.ARM.Collect$$_printf_percent$$00000008))
<BR><BR>[Stack]<UL><LI>Max Depth = 72 + Unknown Stack Size
<LI>Call Chain = _printf_i &rArr; _printf_int_dec &rArr; _printf_int_common &rArr; _printf_post_padding
</UL>
<BR>[Calls]<UL><LI><a href="#[155]">&gt;&gt;</a>&nbsp;&nbsp;&nbsp;_printf_int_dec
</UL>

<P><STRONG><a name="[156]"></a>_printf_d</STRONG> (Thumb, 0 bytes, Stack size unknown bytes, _printf_d.o(.ARM.Collect$$_printf_percent$$00000009))
<BR><BR>[Stack]<UL><LI>Max Depth = 72 + Unknown Stack Size
<LI>Call Chain = _printf_d &rArr; _printf_int_dec &rArr; _printf_int_common &rArr; _printf_post_padding
</UL>
<BR>[Calls]<UL><LI><a href="#[155]">&gt;&gt;</a>&nbsp;&nbsp;&nbsp;_printf_int_dec
</UL>

<P><STRONG><a name="[157]"></a>_printf_u</STRONG> (Thumb, 0 bytes, Stack size unknown bytes, _printf_u.o(.ARM.Collect$$_printf_percent$$0000000A))
<BR><BR>[Stack]<UL><LI>Max Depth = 72 + Unknown Stack Size
<LI>Call Chain = _printf_u &rArr; _printf_int_dec &rArr; _printf_int_common &rArr; _printf_post_padding
</UL>
<BR>[Calls]<UL><LI><a href="#[155]">&gt;&gt;</a>&nbsp;&nbsp;&nbsp;_printf_int_dec
</UL>

<P><STRONG><a name="[158]"></a>_printf_o</STRONG> (Thumb, 0 bytes, Stack size unknown bytes, _printf_o.o(.ARM.Collect$$_printf_percent$$0000000B))
<BR><BR>[Stack]<UL><LI>Max Depth = 64 + Unknown Stack Size
<LI>Call Chain = _printf_o &rArr; _printf_int_oct &rArr; _printf_longlong_oct &rArr; _printf_int_common &rArr; _printf_post_padding
</UL>
<BR>[Calls]<UL><LI><a href="#[159]">&gt;&gt;</a>&nbsp;&nbsp;&nbsp;_printf_int_oct
</UL>

<P><STRONG><a name="[15a]"></a>_printf_x</STRONG> (Thumb, 0 bytes, Stack size unknown bytes, _printf_x.o(.ARM.Collect$$_printf_percent$$0000000C))
<BR><BR>[Stack]<UL><LI>Max Depth = 80 + Unknown Stack Size
<LI>Call Chain = _printf_x &rArr; _printf_int_hex &rArr; _printf_longlong_hex &rArr; _printf_int_common &rArr; _printf_post_padding
</UL>
<BR>[Calls]<UL><LI><a href="#[15b]">&gt;&gt;</a>&nbsp;&nbsp;&nbsp;_printf_int_hex
</UL>

<P><STRONG><a name="[15c]"></a>_printf_lli</STRONG> (Thumb, 0 bytes, Stack size unknown bytes, _printf_lli.o(.ARM.Collect$$_printf_percent$$0000000D))
<BR><BR>[Stack]<UL><LI>Max Depth = 72 + Unknown Stack Size
<LI>Call Chain = _printf_lli &rArr; _printf_longlong_dec &rArr; _printf_int_common &rArr; _printf_post_padding
</UL>
<BR>[Calls]<UL><LI><a href="#[15d]">&gt;&gt;</a>&nbsp;&nbsp;&nbsp;_printf_longlong_dec
</UL>

<P><STRONG><a name="[15e]"></a>_printf_lld</STRONG> (Thumb, 0 bytes, Stack size unknown bytes, _printf_lld.o(.ARM.Collect$$_printf_percent$$0000000E))
<BR><BR>[Stack]<UL><LI>Max Depth = 72 + Unknown Stack Size
<LI>Call Chain = _printf_lld &rArr; _printf_longlong_dec &rArr; _printf_int_common &rArr; _printf_post_padding
</UL>
<BR>[Calls]<UL><LI><a href="#[15d]">&gt;&gt;</a>&nbsp;&nbsp;&nbsp;_printf_longlong_dec
</UL>

[...]
<BR><BR>[Stack]<UL><LI>Max Depth = 512 + Unknown Stack Size
<LI>Call Chain = tflite::(anonymous namespace)::Prepare(TfLiteContext*, TfLiteNode*) &rArr; tflite::CalculateSoftmaxParams(TfLiteContext*, TfLiteTensor const*, TfLiteTensor*, TfLiteSoftmaxParams const*, tflite::SoftmaxParams*) &rArr; tflite::PreprocessSoftmaxScaling(double, double, int, int*, int*) &rArr; tflite::QuantizeMultiplierGreaterThanOne(double, int*, int*) &rArr; abort &rArr; __rt_SIGABRT &rArr; __sig_exit &rArr; _sys_exit &rArr; __2snprintf &rArr; _printf_char_common &rArr; __printf
</UL>
<BR>[Calls]<UL><LI><a href="#[33e]">&gt;&gt;</a>&nbsp;&nbsp;&nbsp;tflite::CalculateSoftmaxParams(TfLiteContext*, TfLiteTensor const*, TfLiteTensor*, TfLiteSoftmaxParams const*, tflite::SoftmaxParams*)
<LI><a href="#[322]">&gt;&gt;</a>&nbsp;&nbsp;&nbsp;tflite::GetTensorShape(TfLiteTensor const*)
<LI><a href="#[321]">&gt;&gt;</a>&nbsp;&nbsp;&nbsp;tflite::MicroContext::AllocateTempOutputTensor(TfLiteNode const*, int)
<LI><a href="#[320]">&gt;&gt;</a>&nbsp;&nbsp;&nbsp;tflite::MicroContext::AllocateTempInputTensor(TfLiteNode const*, int)
</UL>
<BR>[Address Reference Count : 1]<UL><LI> softmax.o(.text._ZN6tflite16Register_SOFTMAXEv)
</UL>
<P><STRONG><a name="[dd]"></a>tflite::(anonymous namespace)::SoftmaxEval(TfLiteContext*, TfLiteNode*)</STRONG> (Thumb, 640 bytes, Stack size 192 bytes, softmax.o(.text._ZN6tflite12_GLOBAL__N_111SoftmaxEvalEP13TfLiteContextP10TfLiteNode))
<BR><BR>[Stack]<UL><LI>Max Depth = 896 + Unknown Stack Size
<LI>Call Chain = tflite::(anonymous namespace)::SoftmaxEval(TfLiteContext*, TfLiteNode*) &rArr; arm_softmax_s8
</UL>
<BR>[Calls]<UL><LI><a href="#[293]">&gt;&gt;</a>&nbsp;&nbsp;&nbsp;TfLiteTypeGetName
<LI><a href="#[2a5]">&gt;&gt;</a>&nbsp;&nbsp;&nbsp;MicroPrintf(char const*, ...)
<LI><a href="#[2c6]">&gt;&gt;</a>&nbsp;&nbsp;&nbsp;arm_softmax_s8_s16
<LI><a href="#[32b]">&gt;&gt;</a>&nbsp;&nbsp;&nbsp;arm_softmax_s16
<LI><a href="#[32a]">&gt;&gt;</a>&nbsp;&nbsp;&nbsp;arm_softmax_s8
<LI><a href="#[329]">&gt;&gt;</a>&nbsp;&nbsp;&nbsp;tflite::micro::GetTensorShape(TfLiteEvalTensor const*)
<LI><a href="#[328]">&gt;&gt;</a>&nbsp;&nbsp;&nbsp;tflite::micro::GetEvalOutput(TfLiteContext const*, TfLiteNode const*, int)
<LI><a href="#[327]">&gt;&gt;</a>&nbsp;&nbsp;&nbsp;tflite::micro::GetEvalInput(TfLiteContext const*, TfLiteNode const*, int)
<LI><a href="#[290]">&gt;&gt;</a>&nbsp;&nbsp;&nbsp;__hardfp_expf
</UL>
<BR>[Address Reference Count : 1]<UL><LI> softmax.o(.text._ZN6tflite16Register_SOFTMAXEv)
</UL>
<P><STRONG><a name="[cf]"></a>tflite::(anonymous namespace)::Init(TfLiteContext*, char const*, unsigned int)</STRONG> (Thumb, 6 bytes, Stack size 0 bytes, ethosu.o(.text._ZN6tflite12_GLOBAL__N_14InitEP13TfLiteContextPKcj))
<BR>[Address Reference Count : 1]<UL><LI> ethosu.o(.text._ZN6tflite15Register_ETHOSUEv)
</UL>
<P><STRONG><a name="[d0]"></a>tflite::(anonymous namespace)::Prepare(TfLiteContext*, TfLiteNode*)</STRONG> (Thumb, 168 bytes, Stack size 32 bytes, ethosu.o(.text._ZN6tflite12_GLOBAL__N_17PrepareEP13TfLiteContextP10TfLiteNode))
<BR><BR>[Stack]<UL><LI>Max Depth = 32<LI>Call Chain = tflite::(anonymous namespace)::Prepare(TfLiteContext*, TfLiteNode*)
</UL>
<BR>[Calls]<UL><LI><a href="#[320]">&gt;&gt;</a>&nbsp;&nbsp;&nbsp;tflite::MicroContext::AllocateTempInputTensor(TfLiteNode const*, int)
</UL>
<BR>[Address Reference Count : 1]<UL><LI> ethosu.o(.text._ZN6tflite15Register_ETHOSUEv)
</UL>
<P><STRONG><a name="[d1]"></a>tflite::(anonymous namespace)::Eval(TfLiteContext*, TfLiteNode*)</STRONG> (Thumb, 412 bytes, Stack size 64 bytes, ethosu.o(.text._ZN6tflite12_GLOBAL__N_14EvalEP13TfLiteContextP10TfLiteNode))
<BR><BR>[Stack]<UL><LI>Max Depth = 504 + Unknown Stack Size
<LI>Call Chain = tflite::(anonymous namespace)::Eval(TfLiteContext*, TfLiteNode*) &rArr; MicroPrintf(char const*, ...) &rArr; (anonymous namespace)::VDebugLog(char const*, ...) &rArr; DebugLog &rArr; vsnprintf &rArr; _printf_char_common &rArr; __printf
</UL>
<BR>[Calls]<UL><LI><a href="#[339]">&gt;&gt;</a>&nbsp;&nbsp;&nbsp;ethosu_release_driver
<LI><a href="#[337]">&gt;&gt;</a>&nbsp;&nbsp;&nbsp;ethosu_reserve_driver
<LI><a href="#[338]">&gt;&gt;</a>&nbsp;&nbsp;&nbsp;ethosu_invoke_v3
<LI><a href="#[2a5]">&gt;&gt;</a>&nbsp;&nbsp;&nbsp;MicroPrintf(char const*, ...)
<LI><a href="#[336]">&gt;&gt;</a>&nbsp;&nbsp;&nbsp;flexbuffers::Reference::AsInt64() const
</UL>
<BR>[Address Reference Count : 1]<UL><LI> ethosu.o(.text._ZN6tflite15Register_ETHOSUEv)
</UL>
<P><STRONG><a name="[c8]"></a>tflite::(anonymous namespace)::MicroBuiltinDataAllocator::Allocate(unsigned int, unsigned int)</STRONG> (Thumb, 8 bytes, Stack size 0 bytes, micro_allocator.o(.text._ZN6tflite12_GLOBAL__N_125MicroBuiltinDataAllocator8AllocateEjj))
<BR>[Address Reference Count : 1]<UL><LI> micro_allocator.o(.text._ZN6tflite14MicroAllocator20StartModelAllocationEPKNS_5ModelE)
</UL>
<P><STRONG><a name="[c9]"></a>tflite::(anonymous namespace)::MicroBuiltinDataAllocator::Deallocate(void*)</STRONG> (Thumb, 2 bytes, Stack size 0 bytes, micro_allocator.o(.text._ZN6tflite12_GLOBAL__N_125MicroBuiltinDataAllocator10DeallocateEPv))
<BR>[Address Reference Count : 1]<UL><LI> micro_allocator.o(.text._ZN6tflite14MicroAllocator20StartModelAllocationEPKNS_5ModelE)
</UL>
<P><STRONG><a name="[cb]"></a>tflite::(anonymous namespace)::MicroBuiltinDataAllocator::~MicroBuiltinDataAllocator__deallocating()</STRONG> (Thumb, 2 bytes, Stack size 0 bytes, micro_allocator.o(.text._ZN6tflite12_GLOBAL__N_125MicroBuiltinDataAllocatorD0Ev))
<BR>[Address Reference Count : 1]<UL><LI> micro_allocator.o(.text._ZN6tflite14MicroAllocator20StartModelAllocationEPKNS_5ModelE)
</UL>
<P><STRONG><a name="[325]"></a>tflite::(anonymous namespace)::CreatePlan(tflite::MicroMemoryPlanner*, tflite::AllocationInfo const*, unsigned int)</STRONG> (Thumb, 94 bytes, Stack size 32 bytes, micro_allocator.o(.text._ZN6tflite12_GLOBAL__N_110CreatePlanEPNS_18MicroMemoryPlannerEPKNS_14AllocationInfoEj))
<BR><BR>[Stack]<UL><LI>Max Depth = 32<LI>Call Chain = tflite::(anonymous namespace)::CreatePlan(tflite::MicroMemoryPlanner*, tflite::AllocationInfo const*, unsigned int)
</UL>
<BR>[Calls]<UL><LI><a href="#[326]">&gt;&gt;</a>&nbsp;&nbsp;&nbsp;tflite::AlignSizeUp(unsigned int, unsigned int)
</UL>
<BR>[Called By]<UL><LI><a href="#[f2]">&gt;&gt;</a>&nbsp;&nbsp;&nbsp;tflite::MicroAllocator::CommitStaticMemoryPlan(tflite::Model const*, tflite::SubgraphAllocations*, tflite::ScratchBufferHandle*)
</UL>

<P><STRONG><a name="[34d]"></a>tflite::(anonymous namespace)::CommitPlan(tflite::MicroMemoryPlanner*, unsigned char*, tflite::AllocationInfo const*, unsigned int)</STRONG> (Thumb, 88 bytes, Stack size 40 bytes, micro_allocator.o(.text._ZN6tflite12_GLOBAL__N_110CommitPlanEPNS_18MicroMemoryPlannerEPhPKNS_14AllocationInfoEj))
<BR><BR>[Stack]<UL><LI>Max Depth = 40<LI>Call Chain = tflite::(anonymous namespace)::CommitPlan(tflite::MicroMemoryPlanner*, unsigned char*, tflite::AllocationInfo const*, unsigned int)
</UL>
<BR>[Called By]<UL><LI><a href="#[f2]">&gt;&gt;</a>&nbsp;&nbsp;&nbsp;tflite::MicroAllocator::CommitStaticMemoryPlan(tflite::Model const*, tflite::SubgraphAllocations*, tflite::ScratchBufferHandle*)
</UL>

<P><STRONG><a name="[31e]"></a>(anonymous namespace)::VDebugLog(char const*, ...)</STRONG> (Thumb, 32 bytes, Stack size 24 bytes, micro_log.o(.text._ZN12_GLOBAL__N_19VDebugLogEPKcz))
<BR><BR>[Stack]<UL><LI>Max Depth = 416 + Unknown Stack Size
<LI>Call Chain = (anonymous namespace)::VDebugLog(char const*, ...) &rArr; DebugLog &rArr; vsnprintf &rArr; _printf_char_common &rArr; __printf
</UL>
<BR>[Calls]<UL><LI><a href="#[319]">&gt;&gt;</a>&nbsp;&nbsp;&nbsp;DebugLog
</UL>
<BR>[Called By]<UL><LI><a href="#[2a5]">&gt;&gt;</a>&nbsp;&nbsp;&nbsp;MicroPrintf(char const*, ...)
<LI><a href="#[31f]">&gt;&gt;</a>&nbsp;&nbsp;&nbsp;VMicroPrintf(char const*, std::__va_list)
</UL>

<P><STRONG><a name="[c5]"></a>tflite::(anonymous namespace)::ReluInit(TfLiteContext*, char const*, unsigned int)</STRONG> (Thumb, 6 bytes, Stack size 0 bytes, activations.o(.text._ZN6tflite12_GLOBAL__N_18ReluInitEP13TfLiteContextPKcj))
<BR>[Address Reference Count : 1]<UL><LI> activations.o(.text._ZN6tflite13Register_RELUEv)
</UL>
<P><STRONG><a name="[c7]"></a>tflite::(anonymous namespace)::ReluEval(TfLiteContext*, TfLiteNode*)</STRONG> (Thumb, 170 bytes, Stack size 88 bytes, activations.o(.text._ZN6tflite12_GLOBAL__N_18ReluEvalEP13TfLiteContextP10TfLiteNode))
<BR><BR>[Stack]<UL><LI>Max Depth = 528 + Unknown Stack Size
<LI>Call Chain = tflite::(anonymous namespace)::ReluEval(TfLiteContext*, TfLiteNode*) &rArr; MicroPrintf(char const*, ...) &rArr; (anonymous namespace)::VDebugLog(char const*, ...) &rArr; DebugLog &rArr; vsnprintf &rArr; _printf_char_common &rArr; __printf
</UL>
<BR>[Calls]<UL><LI><a href="#[293]">&gt;&gt;</a>&nbsp;&nbsp;&nbsp;TfLiteTypeGetName
<LI><a href="#[2a5]">&gt;&gt;</a>&nbsp;&nbsp;&nbsp;MicroPrintf(char const*, ...)
<LI><a href="#[340]">&gt;&gt;</a>&nbsp;&nbsp;&nbsp;tflite::ReluQuantized(tflite::ReluOpData const&, tflite::RuntimeShape const&, tflite::RuntimeShape const&, signed char const*, signed char*)
<LI><a href="#[33f]">&gt;&gt;</a>&nbsp;&nbsp;&nbsp;tflite::ReluFloat(tflite::RuntimeShape const&, float const*, tflite::RuntimeShape const&, float*)
<LI><a href="#[329]">&gt;&gt;</a>&nbsp;&nbsp;&nbsp;tflite::micro::GetTensorShape(TfLiteEvalTensor const*)
<LI><a href="#[328]">&gt;&gt;</a>&nbsp;&nbsp;&nbsp;tflite::micro::GetEvalOutput(TfLiteContext const*, TfLiteNode const*, int)
<LI><a href="#[327]">&gt;&gt;</a>&nbsp;&nbsp;&nbsp;tflite::micro::GetEvalInput(TfLiteContext const*, TfLiteNode const*, int)
</UL>
<BR>[Address Reference Count : 1]<UL><LI> activations.o(.text._ZN6tflite13Register_RELUEv)
</UL>
<P><STRONG><a name="[cc]"></a>tflite::(anonymous namespace)::Relu6Init(TfLiteContext*, char const*, unsigned int)</STRONG> (Thumb, 6 bytes, Stack size 0 bytes, activations.o(.text._ZN6tflite12_GLOBAL__N_19Relu6InitEP13TfLiteContextPKcj))
<BR>[Address Reference Count : 1]<UL><LI> activations.o(.text._ZN6tflite14Register_RELU6Ev)
</UL>
<P><STRONG><a name="[ce]"></a>tflite::(anonymous namespace)::Relu6Eval(TfLiteContext*, TfLiteNode*)</STRONG> (Thumb, 182 bytes, Stack size 96 bytes, activations.o(.text._ZN6tflite12_GLOBAL__N_19Relu6EvalEP13TfLiteContextP10TfLiteNode))
<BR><BR>[Stack]<UL><LI>Max Depth = 536 + Unknown Stack Size
<LI>Call Chain = tflite::(anonymous namespace)::Relu6Eval(TfLiteContext*, TfLiteNode*) &rArr; MicroPrintf(char const*, ...) &rArr; (anonymous namespace)::VDebugLog(char const*, ...) &rArr; DebugLog &rArr; vsnprintf &rArr; _printf_char_common &rArr; __printf
</UL>
<BR>[Calls]<UL><LI><a href="#[293]">&gt;&gt;</a>&nbsp;&nbsp;&nbsp;TfLiteTypeGetName
<LI><a href="#[2a5]">&gt;&gt;</a>&nbsp;&nbsp;&nbsp;MicroPrintf(char const*, ...)
<LI><a href="#[342]">&gt;&gt;</a>&nbsp;&nbsp;&nbsp;tflite::Relu6Quantized(signed char, signed char, tflite::RuntimeShape const&, signed char const*, tflite::RuntimeShape const&, signed char*)
<LI><a href="#[341]">&gt;&gt;</a>&nbsp;&nbsp;&nbsp;tflite::Relu6Float(tflite::RuntimeShape const&, float const*, tflite::RuntimeShape const&, float*)
<LI><a href="#[329]">&gt;&gt;</a>&nbsp;&nbsp;&nbsp;tflite::micro::GetTensorShape(TfLiteEvalTensor const*)
<LI><a href="#[328]">&gt;&gt;</a>&nbsp;&nbsp;&nbsp;tflite::micro::GetEvalOutput(TfLiteContext const*, TfLiteNode const*, int)
<LI><a href="#[327]">&gt;&gt;</a>&nbsp;&nbsp;&nbsp;tflite::micro::GetEvalInput(TfLiteContext const*, TfLiteNode const*, int)
</UL>
<BR>[Address Reference Count : 1]<UL><LI> activations.o(.text._ZN6tflite14Register_RELU6Ev)
</UL>
<P><STRONG><a name="[da]"></a>tflite::(anonymous namespace)::EvalReshapeReference(TfLiteContext*, TfLiteNode*)</STRONG> (Thumb, 74 bytes, Stack size 24 bytes, reshape.o(.text._ZN6tflite12_GLOBAL__N_120EvalReshapeReferenceEP13TfLiteContextP10TfLiteNode))
<BR><BR>[Stack]<UL><LI>Max Depth = 32<LI>Call Chain = tflite::(anonymous namespace)::EvalReshapeReference(TfLiteContext*, TfLiteNode*) &rArr; tflite::ElementCount(TfLiteIntArray const&)
</UL>
<BR>[Calls]<UL><LI><a href="#[334]">&gt;&gt;</a>&nbsp;&nbsp;&nbsp;tflite::ElementCount(TfLiteIntArray const&)
<LI><a href="#[333]">&gt;&gt;</a>&nbsp;&nbsp;&nbsp;tflite::TfLiteTypeSizeOf(TfLiteType, unsigned int*)
<LI><a href="#[328]">&gt;&gt;</a>&nbsp;&nbsp;&nbsp;tflite::micro::GetEvalOutput(TfLiteContext const*, TfLiteNode const*, int)
<LI><a href="#[327]">&gt;&gt;</a>&nbsp;&nbsp;&nbsp;tflite::micro::GetEvalInput(TfLiteContext const*, TfLiteNode const*, int)
<LI><a href="#[1ab]">&gt;&gt;</a>&nbsp;&nbsp;&nbsp;__aeabi_memcpy
</UL>
<BR>[Address Reference Count : 1]<UL><LI> reshape.o(.text._ZN6tflite16Register_RESHAPEEv)
</UL>
<P><STRONG><a name="[de]"></a>tflite::(anonymous namespace)::TransposePrepare(TfLiteContext*, TfLiteNode*)</STRONG> (Thumb, 604 bytes, Stack size 56 bytes, transpose.o(.text._ZN6tflite12_GLOBAL__N_116TransposePrepareEP13TfLiteContextP10TfLiteNode))
<BR><BR>[Stack]<UL><LI>Max Depth = 56<LI>Call Chain = tflite::(anonymous namespace)::TransposePrepare(TfLiteContext*, TfLiteNode*)
</UL>
<BR>[Calls]<UL><LI><a href="#[293]">&gt;&gt;</a>&nbsp;&nbsp;&nbsp;TfLiteTypeGetName
<LI><a href="#[321]">&gt;&gt;</a>&nbsp;&nbsp;&nbsp;tflite::MicroContext::AllocateTempOutputTensor(TfLiteNode const*, int)
<LI><a href="#[320]">&gt;&gt;</a>&nbsp;&nbsp;&nbsp;tflite::MicroContext::AllocateTempInputTensor(TfLiteNode const*, int)
</UL>
<BR>[Address Reference Count : 1]<UL><LI> transpose.o(.text._ZN6tflite18Register_TRANSPOSEEv)
</UL>
<P><STRONG><a name="[df]"></a>tflite::(anonymous namespace)::TransposeEval(TfLiteContext*, TfLiteNode*)</STRONG> (Thumb, 970 bytes, Stack size 200 bytes, transpose.o(.text._ZN6tflite12_GLOBAL__N_113TransposeEvalEP13TfLiteContextP10TfLiteNode))
<BR><BR>[Stack]<UL><LI>Max Depth = 640 + Unknown Stack Size
<LI>Call Chain = tflite::(anonymous namespace)::TransposeEval(TfLiteContext*, TfLiteNode*) &rArr; MicroPrintf(char const*, ...) &rArr; (anonymous namespace)::VDebugLog(char const*, ...) &rArr; DebugLog &rArr; vsnprintf &rArr; _printf_char_common &rArr; __printf
</UL>
<BR>[Calls]<UL><LI><a href="#[293]">&gt;&gt;</a>&nbsp;&nbsp;&nbsp;TfLiteTypeGetName
<LI><a href="#[2a5]">&gt;&gt;</a>&nbsp;&nbsp;&nbsp;MicroPrintf(char const*, ...)
<LI><a href="#[32f]">&gt;&gt;</a>&nbsp;&nbsp;&nbsp;void tflite::reference_ops::transpose_internal::TransposeImpl&lang;signed char&rang;(int, int, int const*, signed char const*, int const*, signed char*, int const*, int const*)
<LI><a href="#[32e]">&gt;&gt;</a>&nbsp;&nbsp;&nbsp;void tflite::reference_ops::transpose_internal::TransposeImpl&lang;int&rang;(int, int, int const*, int const*, int const*, int*, int const*, int const*)
<LI><a href="#[329]">&gt;&gt;</a>&nbsp;&nbsp;&nbsp;tflite::micro::GetTensorShape(TfLiteEvalTensor const*)
<LI><a href="#[328]">&gt;&gt;</a>&nbsp;&nbsp;&nbsp;tflite::micro::GetEvalOutput(TfLiteContext const*, TfLiteNode const*, int)
<LI><a href="#[327]">&gt;&gt;</a>&nbsp;&nbsp;&nbsp;tflite::micro::GetEvalInput(TfLiteContext const*, TfLiteNode const*, int)
</UL>
<BR>[Address Reference Count : 1]<UL><LI> transpose.o(.text._ZN6tflite18Register_TRANSPOSEEv)
</UL>
<P><STRONG><a name="[141]"></a>point_fill</STRONG> (Thumb, 632 bytes, Stack size 88 bytes, draw.o(.text.point_fill))
<BR><BR>[Stack]<UL><LI>Max Depth = 88<LI>Call Chain = point_fill
</UL>
<BR>[Called By]<UL><LI><a href="#[142]">&gt;&gt;</a>&nbsp;&nbsp;&nbsp;imlib_draw_line
<LI><a href="#[140]">&gt;&gt;</a>&nbsp;&nbsp;&nbsp;imlib_draw_circle
</UL>

<P><STRONG><a name="[144]"></a>RGB565toYUYV_SW</STRONG> (Thumb, 444 bytes, Stack size 0 bytes, imlib_nvt.o(.text.RGB565toYUYV_SW))
<BR><BR>[Called By]<UL><LI><a href="#[143]">&gt;&gt;</a>&nbsp;&nbsp;&nbsp;imlib_nvt_scale
</UL>

<P><STRONG><a name="[32c]"></a>tflite::(anonymous namespace)::ReshapeOutput(TfLiteContext*, TfLiteNode*)</STRONG> (Thumb, 672 bytes, Stack size 56 bytes, reshape_common.o(.text._ZN6tflite12_GLOBAL__N_113ReshapeOutputEP13TfLiteContextP10TfLiteNode))
<BR><BR>[Stack]<UL><LI>Max Depth = 80<LI>Call Chain = tflite::(anonymous namespace)::ReshapeOutput(TfLiteContext*, TfLiteNode*) &rArr; tflite::micro::CreateWritableTensorDimsWithCopy(TfLiteContext*, TfLiteTensor*, TfLiteEvalTensor*)
</UL>
<BR>[Calls]<UL><LI><a href="#[293]">&gt;&gt;</a>&nbsp;&nbsp;&nbsp;TfLiteTypeGetName
<LI><a href="#[328]">&gt;&gt;</a>&nbsp;&nbsp;&nbsp;tflite::micro::GetEvalOutput(TfLiteContext const*, TfLiteNode const*, int)
<LI><a href="#[321]">&gt;&gt;</a>&nbsp;&nbsp;&nbsp;tflite::MicroContext::AllocateTempOutputTensor(TfLiteNode const*, int)
<LI><a href="#[320]">&gt;&gt;</a>&nbsp;&nbsp;&nbsp;tflite::MicroContext::AllocateTempInputTensor(TfLiteNode const*, int)
<LI><a href="#[32d]">&gt;&gt;</a>&nbsp;&nbsp;&nbsp;tflite::micro::CreateWritableTensorDimsWithCopy(TfLiteContext*, TfLiteTensor*, TfLiteEvalTensor*)
</UL>
<BR>[Called By]<UL><LI><a href="#[d9]">&gt;&gt;</a>&nbsp;&nbsp;&nbsp;tflite::PrepareReshapeReference(TfLiteContext*, TfLiteNode*)
</UL>

<P><STRONG><a name="[273]"></a>operator_new_impl(unsigned int)</STRONG> (Thumb, 38 bytes, Stack size 8 bytes, new.cpp.o(.text._ZL17operator_new_implj))
<BR><BR>[Stack]<UL><LI>Max Depth = 56<LI>Call Chain = operator_new_impl(unsigned int) &rArr; malloc &rArr; __Heap_Full &rArr; __Heap_ProvideMemory &rArr; free
</UL>
<BR>[Calls]<UL><LI><a href="#[274]">&gt;&gt;</a>&nbsp;&nbsp;&nbsp;std::get_new_handler()
<LI><a href="#[187]">&gt;&gt;</a>&nbsp;&nbsp;&nbsp;malloc
</UL>
<BR>[Called By]<UL><LI><a href="#[263]">&gt;&gt;</a>&nbsp;&nbsp;&nbsp;operator new(unsigned int)
</UL>

<P><STRONG><a name="[278]"></a>operator_new_aligned_impl(unsigned int, std::align_val_t)</STRONG> (Thumb, 74 bytes, Stack size 24 bytes, new.cpp.o(.text._ZL25operator_new_aligned_impljSt11align_val_t), UNUSED)
<BR><BR>[Calls]<UL><LI><a href="#[274]">&gt;&gt;</a>&nbsp;&nbsp;&nbsp;std::get_new_handler()
<LI><a href="#[1b6]">&gt;&gt;</a>&nbsp;&nbsp;&nbsp;posix_memalign
</UL>
<BR>[Called By]<UL><LI><a href="#[305]">&gt;&gt;</a>&nbsp;&nbsp;&nbsp;operator new(unsigned int, std::align_val_t)
</UL>

<P><STRONG><a name="[1bb]"></a>_fp_digits</STRONG> (Thumb, 432 bytes, Stack size 96 bytes, _printf_fp_dec.o(.text))
<BR><BR>[Stack]<UL><LI>Max Depth = 220<LI>Call Chain = _fp_digits &rArr; _btod_etento &rArr; _btod_emul &rArr; _e2e
</UL>
<BR>[Calls]<UL><LI><a href="#[1bf]">&gt;&gt;</a>&nbsp;&nbsp;&nbsp;_btod_emul
<LI><a href="#[1be]">&gt;&gt;</a>&nbsp;&nbsp;&nbsp;_btod_ediv
<LI><a href="#[1bd]">&gt;&gt;</a>&nbsp;&nbsp;&nbsp;_btod_d2e
<LI><a href="#[1bc]">&gt;&gt;</a>&nbsp;&nbsp;&nbsp;_btod_etento
<LI><a href="#[198]">&gt;&gt;</a>&nbsp;&nbsp;&nbsp;_ll_udiv10
</UL>
<BR>[Called By]<UL><LI><a href="#[1c0]">&gt;&gt;</a>&nbsp;&nbsp;&nbsp;_printf_fp_dec_real
</UL>

<P><STRONG><a name="[96]"></a>_printf_input_char</STRONG> (Thumb, 10 bytes, Stack size 0 bytes, _printf_char_common.o(.text))
<BR>[Address Reference Count : 1]<UL><LI> _printf_char_common.o(.text)
</UL>
<P><STRONG><a name="[1c8]"></a>_fp_value</STRONG> (Thumb, 588 bytes, Stack size 96 bytes, scanf_fp.o(.text))
<BR><BR>[Stack]<UL><LI>Max Depth = 220<LI>Call Chain = _fp_value &rArr; _btod_etento &rArr; _btod_emul &rArr; _e2e
</UL>
<BR>[Calls]<UL><LI><a href="#[1b8]">&gt;&gt;</a>&nbsp;&nbsp;&nbsp;__aeabi_errno_addr
<LI><a href="#[1ca]">&gt;&gt;</a>&nbsp;&nbsp;&nbsp;_btod_emuld
<LI><a href="#[1cb]">&gt;&gt;</a>&nbsp;&nbsp;&nbsp;_btod_edivd
<LI><a href="#[1bc]">&gt;&gt;</a>&nbsp;&nbsp;&nbsp;_btod_etento
<LI><a href="#[1c9]">&gt;&gt;</a>&nbsp;&nbsp;&nbsp;__ieee_status
</UL>
<BR>[Called By]<UL><LI><a href="#[1cc]">&gt;&gt;</a>&nbsp;&nbsp;&nbsp;_scanf_really_real
</UL>

<P><STRONG><a name="[98]"></a>_scanf_char_input</STRONG> (Thumb, 12 bytes, Stack size 0 bytes, scanf_char.o(.text))
<BR>[Address Reference Count : 1]<UL><LI> scanf_char.o(.text)
</UL><P>
<H3>
Undefined Global Symbols
</H3><HR></body></html>
