<html>
<body>
<pre>
<h1>µVision Build Log</h1>
<h2>Tool Versions:</h2>
IDE-Version: µVision V5.43.1.0
Copyright (C) 2025 ARM Ltd and ARM Germany GmbH. All rights reserved.
License Information: Austin Quach
UCSB
User-based license: Keil MDK Nuvoton Edition - Full Cortex-M
Valid until: Sep 26 2034. Cached until: Apr 27 2026
 
Tool Versions:
Toolchain:       Keil MDK Nuvoton Edition - Full Cortex-M  Version: 5.43.0.0
Toolchain Path:  C:\Users\austi\AppData\Local\Keil_v5\ARM\ARMCLANG\Bin
C Compiler:      ArmClang.exe V6.24
Assembler:       Armasm.exe V6.24
Linker/Locator:  ArmLink.exe V6.24
Library Manager: ArmAr.exe V6.24
Hex Converter:   FromElf.exe V6.24
CPU DLL:         
Dialog DLL:      
Target DLL:      Nu_Link.dll V3.21
Dialog DLL:      TCM.DLL V1.56.6.0
 
<h2>Project:</h2>
C:\Users\austi\OneDrive\Desktop\a\en-us--M55M1_Series_BSP_CMSIS_V3.01.002\SampleCode\MachineLearning\AI Fitness Mirror\KEIL\PoseLandmark.uvprojx
Project File Date:  04/26/2026

<h2>Output:</h2>
*** Using Compiler 'V6.24', folder: 'C:\Users\austi\AppData\Local\Keil_v5\ARM\ARMCLANG\Bin'
Build target 'PoseLandmark'
creating preprocessor file for ethosu_driver.c...
creating preprocessor file for ethosu_pmu.c...
creating preprocessor file for ethosu_device_u55_u65.c...
creating preprocessor file for sdh.c...
creating preprocessor file for ccap.c...
creating preprocessor file for gpio.c...
creating preprocessor file for sys.c...
creating preprocessor file for system_M55M1.c...
creating preprocessor file for retarget.c...
creating preprocessor file for startup_M55M1.c...
creating preprocessor file for uart.c...
creating preprocessor file for spim_hyper.c...
creating preprocessor file for clk.c...
creating preprocessor file for ebi.c...
creating preprocessor file for spi.c...
creating preprocessor file for hsusbd.c...
creating preprocessor file for pdma.c...
creating preprocessor file for BoardInit.cpp...
creating preprocessor file for ModelFileReader.c...
creating preprocessor file for ethosu_profiler.c...
creating preprocessor file for ethosu_npu_init.c...
creating preprocessor file for ethosu_cpu_cache.c...
creating preprocessor file for pmu_counter.c...
creating preprocessor file for Sensor_HM1055.c...
creating preprocessor file for ImageSensor.c...
creating preprocessor file for YOLOv8nPoseModel.cpp...
creating preprocessor file for Profiler.cc...
creating preprocessor file for PlatformMath.cc...
creating preprocessor file for ExerciseClassifierModel.cpp...
creating preprocessor file for RepCounterModel.cpp...
creating preprocessor file for TensorFlowLiteMicro.cc...
creating preprocessor file for YOLOv8nPosePostProcessing.cpp...
creating preprocessor file for SWI2C.c...
creating preprocessor file for Model.cc...
creating preprocessor file for LCD_FSA506.c...
creating preprocessor file for Display.c...
creating preprocessor file for Font8_16.c...
creating preprocessor file for main.cpp...
creating preprocessor file for hyperram_code.c...
creating preprocessor file for sdglue.c...
creating preprocessor file for ff.c...
creating preprocessor file for ffunicode.c...
creating preprocessor file for descriptors.c...
creating preprocessor file for LCD_ILI9341.c...
creating preprocessor file for LCD_LT7381.c...
creating preprocessor file for drv_pdma.c...
creating preprocessor file for UVC.c...
creating preprocessor file for diskio_SDH.c...
linking...
Program Size: Code=158638 RO-data=75622 RW-data=2172 ZI-data=1737188  
After Build - User command #1: fromelf --bin ".\Objects\PoseLandmark.axf" --output ".\release\PoseLandmark.bin"
".\Objects\PoseLandmark.axf" - 0 Error(s), 0 Warning(s).

<h2>Software Packages used:</h2>

Package Vendor: Nuvoton
                https://github.com/OpenNuvoton/cmsis-packs/raw/master/Nuvoton_DFP/Nuvoton.NuMicroM55_DFP.3.1.3.pack
                Nuvoton::NuMicroM55_DFP@3.1.3
                Nuvoton ARM Cortex-M55 NuMicro Family Device Support

<h2>Collection of Component include folders:</h2>
  C:/Users/austi/AppData/Local/Arm/Packs/Nuvoton/NuMicroM55_DFP/3.1.3/Library/Device/Nuvoton/M55M1/Include

<h2>Collection of Component Files used:</h2>
Build Time Elapsed:  00:00:04
</pre>
</body>
</html>
